Archive member included to satisfy reference by file (symbol)

d:/imt course/imt_arm_course/02- tools/03- imt sdk/sdk/imt_sdk_win_64/winarm/armgcc/bin/../lib/gcc/arm-none-eabi/7.2.1/../../../../arm-none-eabi/lib/thumb/v7-m\libg_nano.a(lib_a-errno.o)
                              ./system/src/newlib/_sbrk.o (symbol from plugin) (__errno)
d:/imt course/imt_arm_course/02- tools/03- imt sdk/sdk/imt_sdk_win_64/winarm/armgcc/bin/../lib/gcc/arm-none-eabi/7.2.1/../../../../arm-none-eabi/lib/thumb/v7-m\libg_nano.a(lib_a-impure.o)
                              d:/imt course/imt_arm_course/02- tools/03- imt sdk/sdk/imt_sdk_win_64/winarm/armgcc/bin/../lib/gcc/arm-none-eabi/7.2.1/../../../../arm-none-eabi/lib/thumb/v7-m\libg_nano.a(lib_a-errno.o) (_impure_ptr)
d:/imt course/imt_arm_course/02- tools/03- imt sdk/sdk/imt_sdk_win_64/winarm/armgcc/bin/../lib/gcc/arm-none-eabi/7.2.1/../../../../arm-none-eabi/lib/thumb/v7-m\libg_nano.a(lib_a-strlen.o)
                              ./system/src/diag/Trace.o (symbol from plugin) (strlen)
d:/imt course/imt_arm_course/02- tools/03- imt sdk/sdk/imt_sdk_win_64/winarm/armgcc/bin/../lib/gcc/arm-none-eabi/7.2.1/../../../../arm-none-eabi/lib/thumb/v7-m\libg_nano.a(lib_a-vsnprintf.o)
                              ./system/src/diag/Trace.o (symbol from plugin) (vsnprintf)
d:/imt course/imt_arm_course/02- tools/03- imt sdk/sdk/imt_sdk_win_64/winarm/armgcc/bin/../lib/gcc/arm-none-eabi/7.2.1/../../../../arm-none-eabi/lib/thumb/v7-m\libg_nano.a(lib_a-nano-svfprintf.o)
                              d:/imt course/imt_arm_course/02- tools/03- imt sdk/sdk/imt_sdk_win_64/winarm/armgcc/bin/../lib/gcc/arm-none-eabi/7.2.1/../../../../arm-none-eabi/lib/thumb/v7-m\libg_nano.a(lib_a-vsnprintf.o) (_svfprintf_r)
d:/imt course/imt_arm_course/02- tools/03- imt sdk/sdk/imt_sdk_win_64/winarm/armgcc/bin/../lib/gcc/arm-none-eabi/7.2.1/../../../../arm-none-eabi/lib/thumb/v7-m\libg_nano.a(lib_a-nano-vfprintf_i.o)
                              d:/imt course/imt_arm_course/02- tools/03- imt sdk/sdk/imt_sdk_win_64/winarm/armgcc/bin/../lib/gcc/arm-none-eabi/7.2.1/../../../../arm-none-eabi/lib/thumb/v7-m\libg_nano.a(lib_a-nano-svfprintf.o) (_printf_i)
d:/imt course/imt_arm_course/02- tools/03- imt sdk/sdk/imt_sdk_win_64/winarm/armgcc/bin/../lib/gcc/arm-none-eabi/7.2.1/../../../../arm-none-eabi/lib/thumb/v7-m\libg_nano.a(lib_a-memchr-stub.o)
                              d:/imt course/imt_arm_course/02- tools/03- imt sdk/sdk/imt_sdk_win_64/winarm/armgcc/bin/../lib/gcc/arm-none-eabi/7.2.1/../../../../arm-none-eabi/lib/thumb/v7-m\libg_nano.a(lib_a-nano-svfprintf.o) (memchr)
d:/imt course/imt_arm_course/02- tools/03- imt sdk/sdk/imt_sdk_win_64/winarm/armgcc/bin/../lib/gcc/arm-none-eabi/7.2.1/../../../../arm-none-eabi/lib/thumb/v7-m\libg_nano.a(lib_a-memcpy-stub.o)
                              d:/imt course/imt_arm_course/02- tools/03- imt sdk/sdk/imt_sdk_win_64/winarm/armgcc/bin/../lib/gcc/arm-none-eabi/7.2.1/../../../../arm-none-eabi/lib/thumb/v7-m\libg_nano.a(lib_a-nano-svfprintf.o) (memcpy)
d:/imt course/imt_arm_course/02- tools/03- imt sdk/sdk/imt_sdk_win_64/winarm/armgcc/bin/../lib/gcc/arm-none-eabi/7.2.1/../../../../arm-none-eabi/lib/thumb/v7-m\libg_nano.a(lib_a-memmove.o)
                              d:/imt course/imt_arm_course/02- tools/03- imt sdk/sdk/imt_sdk_win_64/winarm/armgcc/bin/../lib/gcc/arm-none-eabi/7.2.1/../../../../arm-none-eabi/lib/thumb/v7-m\libg_nano.a(lib_a-nano-svfprintf.o) (memmove)
d:/imt course/imt_arm_course/02- tools/03- imt sdk/sdk/imt_sdk_win_64/winarm/armgcc/bin/../lib/gcc/arm-none-eabi/7.2.1/../../../../arm-none-eabi/lib/thumb/v7-m\libg_nano.a(lib_a-nano-freer.o)
                              d:/imt course/imt_arm_course/02- tools/03- imt sdk/sdk/imt_sdk_win_64/winarm/armgcc/bin/../lib/gcc/arm-none-eabi/7.2.1/../../../../arm-none-eabi/lib/thumb/v7-m\libg_nano.a(lib_a-nano-svfprintf.o) (_free_r)
d:/imt course/imt_arm_course/02- tools/03- imt sdk/sdk/imt_sdk_win_64/winarm/armgcc/bin/../lib/gcc/arm-none-eabi/7.2.1/../../../../arm-none-eabi/lib/thumb/v7-m\libg_nano.a(lib_a-nano-mallocr.o)
                              d:/imt course/imt_arm_course/02- tools/03- imt sdk/sdk/imt_sdk_win_64/winarm/armgcc/bin/../lib/gcc/arm-none-eabi/7.2.1/../../../../arm-none-eabi/lib/thumb/v7-m\libg_nano.a(lib_a-nano-svfprintf.o) (_malloc_r)
d:/imt course/imt_arm_course/02- tools/03- imt sdk/sdk/imt_sdk_win_64/winarm/armgcc/bin/../lib/gcc/arm-none-eabi/7.2.1/../../../../arm-none-eabi/lib/thumb/v7-m\libg_nano.a(lib_a-nano-reallocr.o)
                              d:/imt course/imt_arm_course/02- tools/03- imt sdk/sdk/imt_sdk_win_64/winarm/armgcc/bin/../lib/gcc/arm-none-eabi/7.2.1/../../../../arm-none-eabi/lib/thumb/v7-m\libg_nano.a(lib_a-nano-svfprintf.o) (_realloc_r)
d:/imt course/imt_arm_course/02- tools/03- imt sdk/sdk/imt_sdk_win_64/winarm/armgcc/bin/../lib/gcc/arm-none-eabi/7.2.1/../../../../arm-none-eabi/lib/thumb/v7-m\libg_nano.a(lib_a-sbrkr.o)
                              d:/imt course/imt_arm_course/02- tools/03- imt sdk/sdk/imt_sdk_win_64/winarm/armgcc/bin/../lib/gcc/arm-none-eabi/7.2.1/../../../../arm-none-eabi/lib/thumb/v7-m\libg_nano.a(lib_a-nano-mallocr.o) (_sbrk_r)
d:/imt course/imt_arm_course/02- tools/03- imt sdk/sdk/imt_sdk_win_64/winarm/armgcc/bin/../lib/gcc/arm-none-eabi/7.2.1/../../../../arm-none-eabi/lib/thumb/v7-m\libg_nano.a(lib_a-mlock.o)
                              d:/imt course/imt_arm_course/02- tools/03- imt sdk/sdk/imt_sdk_win_64/winarm/armgcc/bin/../lib/gcc/arm-none-eabi/7.2.1/../../../../arm-none-eabi/lib/thumb/v7-m\libg_nano.a(lib_a-nano-freer.o) (__malloc_lock)
d:/imt course/imt_arm_course/02- tools/03- imt sdk/sdk/imt_sdk_win_64/winarm/armgcc/bin/../lib/gcc/arm-none-eabi/7.2.1/../../../../arm-none-eabi/lib/thumb/v7-m\libg_nano.a(lib_a-nano-msizer.o)
                              d:/imt course/imt_arm_course/02- tools/03- imt sdk/sdk/imt_sdk_win_64/winarm/armgcc/bin/../lib/gcc/arm-none-eabi/7.2.1/../../../../arm-none-eabi/lib/thumb/v7-m\libg_nano.a(lib_a-nano-reallocr.o) (_malloc_usable_size_r)

Allocating common symbols
Common symbol       size              file

errno               0x4               C:\Users\user\AppData\Local\Temp\cc47VrEt.ltrans0.ltrans.o
callBackFunc        0xc               ./src/TIMER_program.o (symbol from plugin)
key                 0x6               ./src/Reader.o (symbol from plugin)

Discarded input sections

 .text          0x00000000        0x0 C:\Users\user\AppData\Local\Temp\cc47VrEt.ltrans0.ltrans.o
 .data          0x00000000        0x0 C:\Users\user\AppData\Local\Temp\cc47VrEt.ltrans0.ltrans.o
 .bss           0x00000000        0x0 C:\Users\user\AppData\Local\Temp\cc47VrEt.ltrans0.ltrans.o
 .text.RCC_voidInitSysClock
                0x00000000        0x2 C:\Users\user\AppData\Local\Temp\cc47VrEt.ltrans0.ltrans.o
 .data.ADCPrescTable
                0x00000000        0x4 C:\Users\user\AppData\Local\Temp\cc47VrEt.ltrans0.ltrans.o
 .data.APBAHBPrescTable
                0x00000000       0x10 C:\Users\user\AppData\Local\Temp\cc47VrEt.ltrans0.ltrans.o
 .text          0x00000000        0x0 d:/imt course/imt_arm_course/02- tools/03- imt sdk/sdk/imt_sdk_win_64/winarm/armgcc/bin/../lib/gcc/arm-none-eabi/7.2.1/../../../../arm-none-eabi/lib/thumb/v7-m\libg_nano.a(lib_a-errno.o)
 .data          0x00000000        0x0 d:/imt course/imt_arm_course/02- tools/03- imt sdk/sdk/imt_sdk_win_64/winarm/armgcc/bin/../lib/gcc/arm-none-eabi/7.2.1/../../../../arm-none-eabi/lib/thumb/v7-m\libg_nano.a(lib_a-errno.o)
 .bss           0x00000000        0x0 d:/imt course/imt_arm_course/02- tools/03- imt sdk/sdk/imt_sdk_win_64/winarm/armgcc/bin/../lib/gcc/arm-none-eabi/7.2.1/../../../../arm-none-eabi/lib/thumb/v7-m\libg_nano.a(lib_a-errno.o)
 .text          0x00000000        0x0 d:/imt course/imt_arm_course/02- tools/03- imt sdk/sdk/imt_sdk_win_64/winarm/armgcc/bin/../lib/gcc/arm-none-eabi/7.2.1/../../../../arm-none-eabi/lib/thumb/v7-m\libg_nano.a(lib_a-impure.o)
 .data          0x00000000        0x0 d:/imt course/imt_arm_course/02- tools/03- imt sdk/sdk/imt_sdk_win_64/winarm/armgcc/bin/../lib/gcc/arm-none-eabi/7.2.1/../../../../arm-none-eabi/lib/thumb/v7-m\libg_nano.a(lib_a-impure.o)
 .bss           0x00000000        0x0 d:/imt course/imt_arm_course/02- tools/03- imt sdk/sdk/imt_sdk_win_64/winarm/armgcc/bin/../lib/gcc/arm-none-eabi/7.2.1/../../../../arm-none-eabi/lib/thumb/v7-m\libg_nano.a(lib_a-impure.o)
 .rodata._global_impure_ptr
                0x00000000        0x4 d:/imt course/imt_arm_course/02- tools/03- imt sdk/sdk/imt_sdk_win_64/winarm/armgcc/bin/../lib/gcc/arm-none-eabi/7.2.1/../../../../arm-none-eabi/lib/thumb/v7-m\libg_nano.a(lib_a-impure.o)
 .text          0x00000000       0x10 d:/imt course/imt_arm_course/02- tools/03- imt sdk/sdk/imt_sdk_win_64/winarm/armgcc/bin/../lib/gcc/arm-none-eabi/7.2.1/../../../../arm-none-eabi/lib/thumb/v7-m\libg_nano.a(lib_a-strlen.o)
 .data          0x00000000        0x0 d:/imt course/imt_arm_course/02- tools/03- imt sdk/sdk/imt_sdk_win_64/winarm/armgcc/bin/../lib/gcc/arm-none-eabi/7.2.1/../../../../arm-none-eabi/lib/thumb/v7-m\libg_nano.a(lib_a-strlen.o)
 .bss           0x00000000        0x0 d:/imt course/imt_arm_course/02- tools/03- imt sdk/sdk/imt_sdk_win_64/winarm/armgcc/bin/../lib/gcc/arm-none-eabi/7.2.1/../../../../arm-none-eabi/lib/thumb/v7-m\libg_nano.a(lib_a-strlen.o)
 .ARM.attributes
                0x00000000       0x17 d:/imt course/imt_arm_course/02- tools/03- imt sdk/sdk/imt_sdk_win_64/winarm/armgcc/bin/../lib/gcc/arm-none-eabi/7.2.1/../../../../arm-none-eabi/lib/thumb/v7-m\libg_nano.a(lib_a-strlen.o)
 .text          0x00000000        0x0 d:/imt course/imt_arm_course/02- tools/03- imt sdk/sdk/imt_sdk_win_64/winarm/armgcc/bin/../lib/gcc/arm-none-eabi/7.2.1/../../../../arm-none-eabi/lib/thumb/v7-m\libg_nano.a(lib_a-vsnprintf.o)
 .data          0x00000000        0x0 d:/imt course/imt_arm_course/02- tools/03- imt sdk/sdk/imt_sdk_win_64/winarm/armgcc/bin/../lib/gcc/arm-none-eabi/7.2.1/../../../../arm-none-eabi/lib/thumb/v7-m\libg_nano.a(lib_a-vsnprintf.o)
 .bss           0x00000000        0x0 d:/imt course/imt_arm_course/02- tools/03- imt sdk/sdk/imt_sdk_win_64/winarm/armgcc/bin/../lib/gcc/arm-none-eabi/7.2.1/../../../../arm-none-eabi/lib/thumb/v7-m\libg_nano.a(lib_a-vsnprintf.o)
 .text          0x00000000        0x0 d:/imt course/imt_arm_course/02- tools/03- imt sdk/sdk/imt_sdk_win_64/winarm/armgcc/bin/../lib/gcc/arm-none-eabi/7.2.1/../../../../arm-none-eabi/lib/thumb/v7-m\libg_nano.a(lib_a-nano-svfprintf.o)
 .data          0x00000000        0x0 d:/imt course/imt_arm_course/02- tools/03- imt sdk/sdk/imt_sdk_win_64/winarm/armgcc/bin/../lib/gcc/arm-none-eabi/7.2.1/../../../../arm-none-eabi/lib/thumb/v7-m\libg_nano.a(lib_a-nano-svfprintf.o)
 .bss           0x00000000        0x0 d:/imt course/imt_arm_course/02- tools/03- imt sdk/sdk/imt_sdk_win_64/winarm/armgcc/bin/../lib/gcc/arm-none-eabi/7.2.1/../../../../arm-none-eabi/lib/thumb/v7-m\libg_nano.a(lib_a-nano-svfprintf.o)
 .text.__ssprint_r
                0x00000000       0xf0 d:/imt course/imt_arm_course/02- tools/03- imt sdk/sdk/imt_sdk_win_64/winarm/armgcc/bin/../lib/gcc/arm-none-eabi/7.2.1/../../../../arm-none-eabi/lib/thumb/v7-m\libg_nano.a(lib_a-nano-svfprintf.o)
 .text          0x00000000        0x0 d:/imt course/imt_arm_course/02- tools/03- imt sdk/sdk/imt_sdk_win_64/winarm/armgcc/bin/../lib/gcc/arm-none-eabi/7.2.1/../../../../arm-none-eabi/lib/thumb/v7-m\libg_nano.a(lib_a-nano-vfprintf_i.o)
 .data          0x00000000        0x0 d:/imt course/imt_arm_course/02- tools/03- imt sdk/sdk/imt_sdk_win_64/winarm/armgcc/bin/../lib/gcc/arm-none-eabi/7.2.1/../../../../arm-none-eabi/lib/thumb/v7-m\libg_nano.a(lib_a-nano-vfprintf_i.o)
 .bss           0x00000000        0x0 d:/imt course/imt_arm_course/02- tools/03- imt sdk/sdk/imt_sdk_win_64/winarm/armgcc/bin/../lib/gcc/arm-none-eabi/7.2.1/../../../../arm-none-eabi/lib/thumb/v7-m\libg_nano.a(lib_a-nano-vfprintf_i.o)
 .text          0x00000000        0x0 d:/imt course/imt_arm_course/02- tools/03- imt sdk/sdk/imt_sdk_win_64/winarm/armgcc/bin/../lib/gcc/arm-none-eabi/7.2.1/../../../../arm-none-eabi/lib/thumb/v7-m\libg_nano.a(lib_a-memchr-stub.o)
 .data          0x00000000        0x0 d:/imt course/imt_arm_course/02- tools/03- imt sdk/sdk/imt_sdk_win_64/winarm/armgcc/bin/../lib/gcc/arm-none-eabi/7.2.1/../../../../arm-none-eabi/lib/thumb/v7-m\libg_nano.a(lib_a-memchr-stub.o)
 .bss           0x00000000        0x0 d:/imt course/imt_arm_course/02- tools/03- imt sdk/sdk/imt_sdk_win_64/winarm/armgcc/bin/../lib/gcc/arm-none-eabi/7.2.1/../../../../arm-none-eabi/lib/thumb/v7-m\libg_nano.a(lib_a-memchr-stub.o)
 .text          0x00000000        0x0 d:/imt course/imt_arm_course/02- tools/03- imt sdk/sdk/imt_sdk_win_64/winarm/armgcc/bin/../lib/gcc/arm-none-eabi/7.2.1/../../../../arm-none-eabi/lib/thumb/v7-m\libg_nano.a(lib_a-memcpy-stub.o)
 .data          0x00000000        0x0 d:/imt course/imt_arm_course/02- tools/03- imt sdk/sdk/imt_sdk_win_64/winarm/armgcc/bin/../lib/gcc/arm-none-eabi/7.2.1/../../../../arm-none-eabi/lib/thumb/v7-m\libg_nano.a(lib_a-memcpy-stub.o)
 .bss           0x00000000        0x0 d:/imt course/imt_arm_course/02- tools/03- imt sdk/sdk/imt_sdk_win_64/winarm/armgcc/bin/../lib/gcc/arm-none-eabi/7.2.1/../../../../arm-none-eabi/lib/thumb/v7-m\libg_nano.a(lib_a-memcpy-stub.o)
 .text          0x00000000        0x0 d:/imt course/imt_arm_course/02- tools/03- imt sdk/sdk/imt_sdk_win_64/winarm/armgcc/bin/../lib/gcc/arm-none-eabi/7.2.1/../../../../arm-none-eabi/lib/thumb/v7-m\libg_nano.a(lib_a-memmove.o)
 .data          0x00000000        0x0 d:/imt course/imt_arm_course/02- tools/03- imt sdk/sdk/imt_sdk_win_64/winarm/armgcc/bin/../lib/gcc/arm-none-eabi/7.2.1/../../../../arm-none-eabi/lib/thumb/v7-m\libg_nano.a(lib_a-memmove.o)
 .bss           0x00000000        0x0 d:/imt course/imt_arm_course/02- tools/03- imt sdk/sdk/imt_sdk_win_64/winarm/armgcc/bin/../lib/gcc/arm-none-eabi/7.2.1/../../../../arm-none-eabi/lib/thumb/v7-m\libg_nano.a(lib_a-memmove.o)
 .text          0x00000000        0x0 d:/imt course/imt_arm_course/02- tools/03- imt sdk/sdk/imt_sdk_win_64/winarm/armgcc/bin/../lib/gcc/arm-none-eabi/7.2.1/../../../../arm-none-eabi/lib/thumb/v7-m\libg_nano.a(lib_a-nano-freer.o)
 .data          0x00000000        0x0 d:/imt course/imt_arm_course/02- tools/03- imt sdk/sdk/imt_sdk_win_64/winarm/armgcc/bin/../lib/gcc/arm-none-eabi/7.2.1/../../../../arm-none-eabi/lib/thumb/v7-m\libg_nano.a(lib_a-nano-freer.o)
 .bss           0x00000000        0x0 d:/imt course/imt_arm_course/02- tools/03- imt sdk/sdk/imt_sdk_win_64/winarm/armgcc/bin/../lib/gcc/arm-none-eabi/7.2.1/../../../../arm-none-eabi/lib/thumb/v7-m\libg_nano.a(lib_a-nano-freer.o)
 .text          0x00000000        0x0 d:/imt course/imt_arm_course/02- tools/03- imt sdk/sdk/imt_sdk_win_64/winarm/armgcc/bin/../lib/gcc/arm-none-eabi/7.2.1/../../../../arm-none-eabi/lib/thumb/v7-m\libg_nano.a(lib_a-nano-mallocr.o)
 .data          0x00000000        0x0 d:/imt course/imt_arm_course/02- tools/03- imt sdk/sdk/imt_sdk_win_64/winarm/armgcc/bin/../lib/gcc/arm-none-eabi/7.2.1/../../../../arm-none-eabi/lib/thumb/v7-m\libg_nano.a(lib_a-nano-mallocr.o)
 .bss           0x00000000        0x0 d:/imt course/imt_arm_course/02- tools/03- imt sdk/sdk/imt_sdk_win_64/winarm/armgcc/bin/../lib/gcc/arm-none-eabi/7.2.1/../../../../arm-none-eabi/lib/thumb/v7-m\libg_nano.a(lib_a-nano-mallocr.o)
 .text          0x00000000        0x0 d:/imt course/imt_arm_course/02- tools/03- imt sdk/sdk/imt_sdk_win_64/winarm/armgcc/bin/../lib/gcc/arm-none-eabi/7.2.1/../../../../arm-none-eabi/lib/thumb/v7-m\libg_nano.a(lib_a-nano-reallocr.o)
 .data          0x00000000        0x0 d:/imt course/imt_arm_course/02- tools/03- imt sdk/sdk/imt_sdk_win_64/winarm/armgcc/bin/../lib/gcc/arm-none-eabi/7.2.1/../../../../arm-none-eabi/lib/thumb/v7-m\libg_nano.a(lib_a-nano-reallocr.o)
 .bss           0x00000000        0x0 d:/imt course/imt_arm_course/02- tools/03- imt sdk/sdk/imt_sdk_win_64/winarm/armgcc/bin/../lib/gcc/arm-none-eabi/7.2.1/../../../../arm-none-eabi/lib/thumb/v7-m\libg_nano.a(lib_a-nano-reallocr.o)
 .text          0x00000000        0x0 d:/imt course/imt_arm_course/02- tools/03- imt sdk/sdk/imt_sdk_win_64/winarm/armgcc/bin/../lib/gcc/arm-none-eabi/7.2.1/../../../../arm-none-eabi/lib/thumb/v7-m\libg_nano.a(lib_a-sbrkr.o)
 .data          0x00000000        0x0 d:/imt course/imt_arm_course/02- tools/03- imt sdk/sdk/imt_sdk_win_64/winarm/armgcc/bin/../lib/gcc/arm-none-eabi/7.2.1/../../../../arm-none-eabi/lib/thumb/v7-m\libg_nano.a(lib_a-sbrkr.o)
 .bss           0x00000000        0x0 d:/imt course/imt_arm_course/02- tools/03- imt sdk/sdk/imt_sdk_win_64/winarm/armgcc/bin/../lib/gcc/arm-none-eabi/7.2.1/../../../../arm-none-eabi/lib/thumb/v7-m\libg_nano.a(lib_a-sbrkr.o)
 .text          0x00000000        0x0 d:/imt course/imt_arm_course/02- tools/03- imt sdk/sdk/imt_sdk_win_64/winarm/armgcc/bin/../lib/gcc/arm-none-eabi/7.2.1/../../../../arm-none-eabi/lib/thumb/v7-m\libg_nano.a(lib_a-mlock.o)
 .data          0x00000000        0x0 d:/imt course/imt_arm_course/02- tools/03- imt sdk/sdk/imt_sdk_win_64/winarm/armgcc/bin/../lib/gcc/arm-none-eabi/7.2.1/../../../../arm-none-eabi/lib/thumb/v7-m\libg_nano.a(lib_a-mlock.o)
 .bss           0x00000000        0x0 d:/imt course/imt_arm_course/02- tools/03- imt sdk/sdk/imt_sdk_win_64/winarm/armgcc/bin/../lib/gcc/arm-none-eabi/7.2.1/../../../../arm-none-eabi/lib/thumb/v7-m\libg_nano.a(lib_a-mlock.o)
 .text          0x00000000        0x0 d:/imt course/imt_arm_course/02- tools/03- imt sdk/sdk/imt_sdk_win_64/winarm/armgcc/bin/../lib/gcc/arm-none-eabi/7.2.1/../../../../arm-none-eabi/lib/thumb/v7-m\libg_nano.a(lib_a-nano-msizer.o)
 .data          0x00000000        0x0 d:/imt course/imt_arm_course/02- tools/03- imt sdk/sdk/imt_sdk_win_64/winarm/armgcc/bin/../lib/gcc/arm-none-eabi/7.2.1/../../../../arm-none-eabi/lib/thumb/v7-m\libg_nano.a(lib_a-nano-msizer.o)
 .bss           0x00000000        0x0 d:/imt course/imt_arm_course/02- tools/03- imt sdk/sdk/imt_sdk_win_64/winarm/armgcc/bin/../lib/gcc/arm-none-eabi/7.2.1/../../../../arm-none-eabi/lib/thumb/v7-m\libg_nano.a(lib_a-nano-msizer.o)

Memory Configuration

Name             Origin             Length             Attributes
RAM              0x20000000         0x00005000         xrw
CCMRAM           0x00000000         0x00000000         xrw
FLASH            0x08000000         0x00010000         xr
FLASHB1          0x00000000         0x00000000         xr
EXTMEMB0         0x00000000         0x00000000         xr
EXTMEMB1         0x00000000         0x00000000         xr
EXTMEMB2         0x00000000         0x00000000         xr
EXTMEMB3         0x00000000         0x00000000         xr
MEMORY_ARRAY     0x00000000         0x00000000         xrw
*default*        0x00000000         0xffffffff

Linker script and memory map

LOAD C:\Users\user\AppData\Local\Temp\cc47VrEt.ltrans0.ltrans.o
LOAD d:/imt course/imt_arm_course/02- tools/03- imt sdk/sdk/imt_sdk_win_64/winarm/armgcc/bin/../lib/gcc/arm-none-eabi/7.2.1/../../../../arm-none-eabi/lib/thumb/v7-m\libstdc++_nano.a
LOAD d:/imt course/imt_arm_course/02- tools/03- imt sdk/sdk/imt_sdk_win_64/winarm/armgcc/bin/../lib/gcc/arm-none-eabi/7.2.1/../../../../arm-none-eabi/lib/thumb/v7-m\libm.a
START GROUP
LOAD d:/imt course/imt_arm_course/02- tools/03- imt sdk/sdk/imt_sdk_win_64/winarm/armgcc/bin/../lib/gcc/arm-none-eabi/7.2.1/thumb/v7-m\libgcc.a
LOAD d:/imt course/imt_arm_course/02- tools/03- imt sdk/sdk/imt_sdk_win_64/winarm/armgcc/bin/../lib/gcc/arm-none-eabi/7.2.1/../../../../arm-none-eabi/lib/thumb/v7-m\libg_nano.a
LOAD d:/imt course/imt_arm_course/02- tools/03- imt sdk/sdk/imt_sdk_win_64/winarm/armgcc/bin/../lib/gcc/arm-none-eabi/7.2.1/../../../../arm-none-eabi/lib/thumb/v7-m\libc_nano.a
END GROUP
START GROUP
LOAD d:/imt course/imt_arm_course/02- tools/03- imt sdk/sdk/imt_sdk_win_64/winarm/armgcc/bin/../lib/gcc/arm-none-eabi/7.2.1/thumb/v7-m\libgcc.a
LOAD d:/imt course/imt_arm_course/02- tools/03- imt sdk/sdk/imt_sdk_win_64/winarm/armgcc/bin/../lib/gcc/arm-none-eabi/7.2.1/../../../../arm-none-eabi/lib/thumb/v7-m\libc_nano.a
END GROUP
                0x20005000                __stack = (ORIGIN (RAM) + LENGTH (RAM))
                0x20005000                _estack = __stack
                0x00000400                __Main_Stack_Size = 0x400
                [!provide]                PROVIDE (_Main_Stack_Size, __Main_Stack_Size)
                0x20004c00                __Main_Stack_Limit = (__stack - __Main_Stack_Size)
                [!provide]                PROVIDE (_Main_Stack_Limit, __Main_Stack_Limit)
                0x00000100                _Minimum_Stack_Size = 0x100
                0x20000138                PROVIDE (_Heap_Begin, _end_noinit)
                0x20004c00                PROVIDE (_Heap_Limit, (__stack - __Main_Stack_Size))

.isr_vector     0x08000000      0x350
 FILL mask 0xff
                0x08000000                __vectors_start = ABSOLUTE (.)
                0x08000000                __vectors_start__ = ABSOLUTE (.)
 *(.isr_vector)
 .isr_vector    0x08000000      0x10c C:\Users\user\AppData\Local\Temp\cc47VrEt.ltrans0.ltrans.o
                0x08000000                __isr_vectors
 *(.cfmconfig)
 *(.after_vectors .after_vectors.*)
 .after_vectors
                0x0800010c      0x244 C:\Users\user\AppData\Local\Temp\cc47VrEt.ltrans0.ltrans.o
                0x08000162                UsageFault_Handler_C
                0x08000194                BusFault_Handler_C
                0x080001c8                HardFault_Handler_C
                0x08000228                _start

.inits          0x08000350       0x28
                0x08000350                __data_regions_array_start = .
                0x08000350        0x4 LONG 0x8001eec LOADADDR (.data)
                0x08000354        0x4 LONG 0x20000000 ADDR (.data)
                0x08000358        0x4 LONG 0x20000088 (ADDR (.data) + SIZEOF (.data))
                0x0800035c        0x4 LONG 0x8001eec LOADADDR (.data_CCMRAM)
                0x08000360        0x4 LONG 0x0 ADDR (.data_CCMRAM)
                0x08000364        0x4 LONG 0x0 (ADDR (.data_CCMRAM) + SIZEOF (.data_CCMRAM))
                0x08000368                __data_regions_array_end = .
                0x08000368                __bss_regions_array_start = .
                0x08000368        0x4 LONG 0x20000088 ADDR (.bss)
                0x0800036c        0x4 LONG 0x20000138 (ADDR (.bss) + SIZEOF (.bss))
                0x08000370        0x4 LONG 0x0 ADDR (.bss_CCMRAM)
                0x08000374        0x4 LONG 0x0 (ADDR (.bss_CCMRAM) + SIZEOF (.bss_CCMRAM))
                0x08000378                __bss_regions_array_end = .
 *(.init)
 *(.fini)
                0x08000378                . = ALIGN (0x4)
                0x08000378                PROVIDE (__preinit_array_start, .)
 *(.preinit_array_sysinit .preinit_array_sysinit.*)
 *(.preinit_array_platform .preinit_array_platform.*)
 *(.preinit_array .preinit_array.*)
                0x08000378                PROVIDE (__preinit_array_end, .)
                0x08000378                . = ALIGN (0x4)
                0x08000378                PROVIDE (__init_array_start, .)
 *(SORT_BY_NAME(.init_array.*))
 *(.init_array)
                0x08000378                PROVIDE (__init_array_end, .)
                0x08000378                . = ALIGN (0x4)
                0x08000378                PROVIDE (__fini_array_start, .)
 *(SORT_BY_NAME(.fini_array.*))
 *(.fini_array)
                0x08000378                PROVIDE (__fini_array_end, .)

.flashtext
 *(.flashtext .flashtext.*)

.text           0x08000378     0x1b73
 *(.text .text.*)
 .text.PCD_getUid
                0x08000378       0x18 C:\Users\user\AppData\Local\Temp\cc47VrEt.ltrans0.ltrans.o
 .text.TIM4_IRQHandler
                0x08000390       0x10 C:\Users\user\AppData\Local\Temp\cc47VrEt.ltrans0.ltrans.o
 .text.TIM3_IRQHandler
                0x080003a0       0x18 C:\Users\user\AppData\Local\Temp\cc47VrEt.ltrans0.ltrans.o
 .text.TIM2_IRQHandler
                0x080003b8       0x14 C:\Users\user\AppData\Local\Temp\cc47VrEt.ltrans0.ltrans.o
 .text.TIMER_voidSetBusyWait
                0x080003cc       0x78 C:\Users\user\AppData\Local\Temp\cc47VrEt.ltrans0.ltrans.o
 .text.SPI1_u8SendRecieveSync
                0x08000444       0x28 C:\Users\user\AppData\Local\Temp\cc47VrEt.ltrans0.ltrans.o
 .text.SPI1_voidInit
                0x0800046c       0x5c C:\Users\user\AppData\Local\Temp\cc47VrEt.ltrans0.ltrans.o
 .text.RCC_voidEnableClockPrephiral
                0x080004c8       0x4c C:\Users\user\AppData\Local\Temp\cc47VrEt.ltrans0.ltrans.o
 .text.MGPIO_VidSetPinValue
                0x08000514       0x94 C:\Users\user\AppData\Local\Temp\cc47VrEt.ltrans0.ltrans.o
 .text.PCD_ReadRegisterMulti
                0x080005a8       0x96 C:\Users\user\AppData\Local\Temp\cc47VrEt.ltrans0.ltrans.o
 .text.PCD_ReadRegister
                0x0800063e       0x3e C:\Users\user\AppData\Local\Temp\cc47VrEt.ltrans0.ltrans.o
 .text.PCD_WriteRegisterMulti
                0x0800067c       0x2e C:\Users\user\AppData\Local\Temp\cc47VrEt.ltrans0.ltrans.o
 .text.PCD_WriteRegister
                0x080006aa       0x2a C:\Users\user\AppData\Local\Temp\cc47VrEt.ltrans0.ltrans.o
 .text.PCD_AntennaOn
                0x080006d4       0x1e C:\Users\user\AppData\Local\Temp\cc47VrEt.ltrans0.ltrans.o
 .text.PCD_Reset
                0x080006f2       0x22 C:\Users\user\AppData\Local\Temp\cc47VrEt.ltrans0.ltrans.o
 .text.PCD_Init
                0x08000714       0x3c C:\Users\user\AppData\Local\Temp\cc47VrEt.ltrans0.ltrans.o
 .text.Reader_init
                0x08000750       0x20 C:\Users\user\AppData\Local\Temp\cc47VrEt.ltrans0.ltrans.o
 .text.PCD_ClearRegisterBitMask
                0x08000770       0x18 C:\Users\user\AppData\Local\Temp\cc47VrEt.ltrans0.ltrans.o
 .text.PCD_SetRegisterBitMask
                0x08000788       0x18 C:\Users\user\AppData\Local\Temp\cc47VrEt.ltrans0.ltrans.o
 .text.PCD_CalculateCRC
                0x080007a0       0x6a C:\Users\user\AppData\Local\Temp\cc47VrEt.ltrans0.ltrans.o
 .text.PCD_CommunicateWithPICC
                0x0800080a      0x158 C:\Users\user\AppData\Local\Temp\cc47VrEt.ltrans0.ltrans.o
 .text.PCD_MIFARE_Transceive
                0x08000962       0x9e C:\Users\user\AppData\Local\Temp\cc47VrEt.ltrans0.ltrans.o
 .text.MIFARE_Write
                0x08000a00       0x42 C:\Users\user\AppData\Local\Temp\cc47VrEt.ltrans0.ltrans.o
 .text.PCD_Authenticate
                0x08000a42       0x5e C:\Users\user\AppData\Local\Temp\cc47VrEt.ltrans0.ltrans.o
 .text.PICC_WriteBlock
                0x08000aa0       0x48 C:\Users\user\AppData\Local\Temp\cc47VrEt.ltrans0.ltrans.o
 .text.Reader_AuthCard
                0x08000ae8       0x34 C:\Users\user\AppData\Local\Temp\cc47VrEt.ltrans0.ltrans.o
 .text.Reader_WriteLoginData
                0x08000b1c       0x60 C:\Users\user\AppData\Local\Temp\cc47VrEt.ltrans0.ltrans.o
 .text.Reader_SetLoginData
                0x08000b7c       0x32 C:\Users\user\AppData\Local\Temp\cc47VrEt.ltrans0.ltrans.o
 .text.PCD_TransceiveData
                0x08000bae       0x28 C:\Users\user\AppData\Local\Temp\cc47VrEt.ltrans0.ltrans.o
 .text.PICC_Select
                0x08000bd6      0x2ec C:\Users\user\AppData\Local\Temp\cc47VrEt.ltrans0.ltrans.o
 *fill*         0x08000ec2        0x2 
 .text.PICC_ReadCardSerial
                0x08000ec4       0x18 C:\Users\user\AppData\Local\Temp\cc47VrEt.ltrans0.ltrans.o
 .text.PICC_REQA_or_WUPA
                0x08000edc       0x60 C:\Users\user\AppData\Local\Temp\cc47VrEt.ltrans0.ltrans.o
 .text.PICC_RequestA
                0x08000f3c        0xe C:\Users\user\AppData\Local\Temp\cc47VrEt.ltrans0.ltrans.o
 .text.PICC_IsNewCardPresent
                0x08000f4a       0x28 C:\Users\user\AppData\Local\Temp\cc47VrEt.ltrans0.ltrans.o
 .text.Reader_isNewCardPresent
                0x08000f72       0x14 C:\Users\user\AppData\Local\Temp\cc47VrEt.ltrans0.ltrans.o
 *fill*         0x08000f86        0x2 
 .text.MGPIO_VidSetPinDirection
                0x08000f88       0xec C:\Users\user\AppData\Local\Temp\cc47VrEt.ltrans0.ltrans.o
 .text.main     0x08001074       0x88 C:\Users\user\AppData\Local\Temp\cc47VrEt.ltrans0.ltrans.o
 .text.SetSysClockTo72
                0x080010fc       0xc4 C:\Users\user\AppData\Local\Temp\cc47VrEt.ltrans0.ltrans.o
 .text.SetSysClock
                0x080011c0        0x8 C:\Users\user\AppData\Local\Temp\cc47VrEt.ltrans0.ltrans.o
 .text.SystemCoreClockUpdate
                0x080011c8       0x98 C:\Users\user\AppData\Local\Temp\cc47VrEt.ltrans0.ltrans.o
 .text.SystemInit
                0x08001260       0x50 C:\Users\user\AppData\Local\Temp\cc47VrEt.ltrans0.ltrans.o
 .text.isSemihosting
                0x080012b0       0x20 C:\Users\user\AppData\Local\Temp\cc47VrEt.ltrans0.ltrans.o
 .text.__initialize_hardware
                0x080012d0        0x8 C:\Users\user\AppData\Local\Temp\cc47VrEt.ltrans0.ltrans.o
 .text.__initialize_hardware_early
                0x080012d8       0x18 C:\Users\user\AppData\Local\Temp\cc47VrEt.ltrans0.ltrans.o
 .text._trace_write_semihosting_debug
                0x080012f0       0x60 C:\Users\user\AppData\Local\Temp\cc47VrEt.ltrans0.ltrans.o
 .text.trace_write
                0x08001350        0x8 C:\Users\user\AppData\Local\Temp\cc47VrEt.ltrans0.ltrans.o
 .text.__initialize_args
                0x08001358       0x10 C:\Users\user\AppData\Local\Temp\cc47VrEt.ltrans0.ltrans.o
 .text._exit    0x08001368        0x2 C:\Users\user\AppData\Local\Temp\cc47VrEt.ltrans0.ltrans.o
 *fill*         0x0800136a        0x2 
 .text.trace_printf
                0x0800136c       0x30 C:\Users\user\AppData\Local\Temp\cc47VrEt.ltrans0.ltrans.o
 .text.dumpExceptionStack
                0x0800139c       0xf4 C:\Users\user\AppData\Local\Temp\cc47VrEt.ltrans0.ltrans.o
 .text._sbrk    0x08001490       0x44 C:\Users\user\AppData\Local\Temp\cc47VrEt.ltrans0.ltrans.o
                0x08001490                _sbrk
 .text.__errno  0x080014d4        0xc d:/imt course/imt_arm_course/02- tools/03- imt sdk/sdk/imt_sdk_win_64/winarm/armgcc/bin/../lib/gcc/arm-none-eabi/7.2.1/../../../../arm-none-eabi/lib/thumb/v7-m\libg_nano.a(lib_a-errno.o)
                0x080014d4                __errno
 .text._vsnprintf_r
                0x080014e0       0x58 d:/imt course/imt_arm_course/02- tools/03- imt sdk/sdk/imt_sdk_win_64/winarm/armgcc/bin/../lib/gcc/arm-none-eabi/7.2.1/../../../../arm-none-eabi/lib/thumb/v7-m\libg_nano.a(lib_a-vsnprintf.o)
                0x080014e0                _vsniprintf_r
                0x080014e0                _vsnprintf_r
 .text.vsnprintf
                0x08001538       0x1c d:/imt course/imt_arm_course/02- tools/03- imt sdk/sdk/imt_sdk_win_64/winarm/armgcc/bin/../lib/gcc/arm-none-eabi/7.2.1/../../../../arm-none-eabi/lib/thumb/v7-m\libg_nano.a(lib_a-vsnprintf.o)
                0x08001538                vsniprintf
                0x08001538                vsnprintf
 .text.__ssputs_r
                0x08001554       0xb4 d:/imt course/imt_arm_course/02- tools/03- imt sdk/sdk/imt_sdk_win_64/winarm/armgcc/bin/../lib/gcc/arm-none-eabi/7.2.1/../../../../arm-none-eabi/lib/thumb/v7-m\libg_nano.a(lib_a-nano-svfprintf.o)
                0x08001554                __ssputs_r
 .text._svfprintf_r
                0x08001608      0x1ec d:/imt course/imt_arm_course/02- tools/03- imt sdk/sdk/imt_sdk_win_64/winarm/armgcc/bin/../lib/gcc/arm-none-eabi/7.2.1/../../../../arm-none-eabi/lib/thumb/v7-m\libg_nano.a(lib_a-nano-svfprintf.o)
                0x08001608                _svfiprintf_r
                0x08001608                _svfprintf_r
 .text._printf_common
                0x080017f4       0xec d:/imt course/imt_arm_course/02- tools/03- imt sdk/sdk/imt_sdk_win_64/winarm/armgcc/bin/../lib/gcc/arm-none-eabi/7.2.1/../../../../arm-none-eabi/lib/thumb/v7-m\libg_nano.a(lib_a-nano-vfprintf_i.o)
                0x080017f4                _printf_common
 .text._printf_i
                0x080018e0      0x224 d:/imt course/imt_arm_course/02- tools/03- imt sdk/sdk/imt_sdk_win_64/winarm/armgcc/bin/../lib/gcc/arm-none-eabi/7.2.1/../../../../arm-none-eabi/lib/thumb/v7-m\libg_nano.a(lib_a-nano-vfprintf_i.o)
                0x080018e0                _printf_i
 .text.memchr   0x08001b04       0x1c d:/imt course/imt_arm_course/02- tools/03- imt sdk/sdk/imt_sdk_win_64/winarm/armgcc/bin/../lib/gcc/arm-none-eabi/7.2.1/../../../../arm-none-eabi/lib/thumb/v7-m\libg_nano.a(lib_a-memchr-stub.o)
                0x08001b04                memchr
 .text.memcpy   0x08001b20       0x16 d:/imt course/imt_arm_course/02- tools/03- imt sdk/sdk/imt_sdk_win_64/winarm/armgcc/bin/../lib/gcc/arm-none-eabi/7.2.1/../../../../arm-none-eabi/lib/thumb/v7-m\libg_nano.a(lib_a-memcpy-stub.o)
                0x08001b20                memcpy
 .text.memmove  0x08001b36       0x32 d:/imt course/imt_arm_course/02- tools/03- imt sdk/sdk/imt_sdk_win_64/winarm/armgcc/bin/../lib/gcc/arm-none-eabi/7.2.1/../../../../arm-none-eabi/lib/thumb/v7-m\libg_nano.a(lib_a-memmove.o)
                0x08001b36                memmove
 .text._free_r  0x08001b68       0x98 d:/imt course/imt_arm_course/02- tools/03- imt sdk/sdk/imt_sdk_win_64/winarm/armgcc/bin/../lib/gcc/arm-none-eabi/7.2.1/../../../../arm-none-eabi/lib/thumb/v7-m\libg_nano.a(lib_a-nano-freer.o)
                0x08001b68                _free_r
 .text._malloc_r
                0x08001c00       0xb4 d:/imt course/imt_arm_course/02- tools/03- imt sdk/sdk/imt_sdk_win_64/winarm/armgcc/bin/../lib/gcc/arm-none-eabi/7.2.1/../../../../arm-none-eabi/lib/thumb/v7-m\libg_nano.a(lib_a-nano-mallocr.o)
                0x08001c00                _malloc_r
 .text._realloc_r
                0x08001cb4       0x4c d:/imt course/imt_arm_course/02- tools/03- imt sdk/sdk/imt_sdk_win_64/winarm/armgcc/bin/../lib/gcc/arm-none-eabi/7.2.1/../../../../arm-none-eabi/lib/thumb/v7-m\libg_nano.a(lib_a-nano-reallocr.o)
                0x08001cb4                _realloc_r
 .text._sbrk_r  0x08001d00       0x20 d:/imt course/imt_arm_course/02- tools/03- imt sdk/sdk/imt_sdk_win_64/winarm/armgcc/bin/../lib/gcc/arm-none-eabi/7.2.1/../../../../arm-none-eabi/lib/thumb/v7-m\libg_nano.a(lib_a-sbrkr.o)
                0x08001d00                _sbrk_r
 .text.__malloc_lock
                0x08001d20        0x2 d:/imt course/imt_arm_course/02- tools/03- imt sdk/sdk/imt_sdk_win_64/winarm/armgcc/bin/../lib/gcc/arm-none-eabi/7.2.1/../../../../arm-none-eabi/lib/thumb/v7-m\libg_nano.a(lib_a-mlock.o)
                0x08001d20                __malloc_lock
 .text.__malloc_unlock
                0x08001d22        0x2 d:/imt course/imt_arm_course/02- tools/03- imt sdk/sdk/imt_sdk_win_64/winarm/armgcc/bin/../lib/gcc/arm-none-eabi/7.2.1/../../../../arm-none-eabi/lib/thumb/v7-m\libg_nano.a(lib_a-mlock.o)
                0x08001d22                __malloc_unlock
 .text._malloc_usable_size_r
                0x08001d24       0x10 d:/imt course/imt_arm_course/02- tools/03- imt sdk/sdk/imt_sdk_win_64/winarm/armgcc/bin/../lib/gcc/arm-none-eabi/7.2.1/../../../../arm-none-eabi/lib/thumb/v7-m\libg_nano.a(lib_a-nano-msizer.o)
                0x08001d24                _malloc_usable_size_r
 *(.rodata .rodata.* .constdata .constdata.*)
 .rodata.TIM    0x08001d34        0xc C:\Users\user\AppData\Local\Temp\cc47VrEt.ltrans0.ltrans.o
 .rodata.configTable
                0x08001d40       0x30 C:\Users\user\AppData\Local\Temp\cc47VrEt.ltrans0.ltrans.o
 .rodata.dumpExceptionStack.str1.4
                0x08001d70      0x11a C:\Users\user\AppData\Local\Temp\cc47VrEt.ltrans0.ltrans.o
 *fill*         0x08001e8a        0x2 
 .rodata.str1.4
                0x08001e8c       0x2c C:\Users\user\AppData\Local\Temp\cc47VrEt.ltrans0.ltrans.o
                                 0x29 (size before relaxing)
 .rodata._svfprintf_r.str1.1
                0x08001eb8       0x11 d:/imt course/imt_arm_course/02- tools/03- imt sdk/sdk/imt_sdk_win_64/winarm/armgcc/bin/../lib/gcc/arm-none-eabi/7.2.1/../../../../arm-none-eabi/lib/thumb/v7-m\libg_nano.a(lib_a-nano-svfprintf.o)
 .rodata._printf_i.str1.1
                0x08001ec9       0x22 d:/imt course/imt_arm_course/02- tools/03- imt sdk/sdk/imt_sdk_win_64/winarm/armgcc/bin/../lib/gcc/arm-none-eabi/7.2.1/../../../../arm-none-eabi/lib/thumb/v7-m\libg_nano.a(lib_a-nano-vfprintf_i.o)
 *(vtable)
 *(.eh_frame*)
 *(.glue_7)
 .glue_7        0x08001eeb        0x0 linker stubs
 *(.glue_7t)
 .glue_7t       0x08001eeb        0x0 linker stubs

.vfp11_veneer   0x08001eec        0x0
 .vfp11_veneer  0x08001eec        0x0 linker stubs

.v4_bx          0x08001eec        0x0
 .v4_bx         0x08001eec        0x0 linker stubs

.iplt           0x08001eec        0x0
 .iplt          0x08001eec        0x0 d:/imt course/imt_arm_course/02- tools/03- imt sdk/sdk/imt_sdk_win_64/winarm/armgcc/bin/../lib/gcc/arm-none-eabi/7.2.1/../../../../arm-none-eabi/lib/thumb/v7-m\libg_nano.a(lib_a-errno.o)

.rel.dyn        0x08001eec        0x0
 .rel.iplt      0x08001eec        0x0 d:/imt course/imt_arm_course/02- tools/03- imt sdk/sdk/imt_sdk_win_64/winarm/armgcc/bin/../lib/gcc/arm-none-eabi/7.2.1/../../../../arm-none-eabi/lib/thumb/v7-m\libg_nano.a(lib_a-errno.o)

.ARM.extab
 *(.ARM.extab* .gnu.linkonce.armextab.*)
                0x08001eec                . = ALIGN (0x4)
                0x08001eec                __exidx_start = .

.ARM.exidx
 *(.ARM.exidx* .gnu.linkonce.armexidx.*)
                0x08001eec                __exidx_end = .
                0x08001eec                . = ALIGN (0x4)
                0x08001eec                _etext = .
                0x08001eec                __etext = .

.data_CCMRAM    0x00000000        0x0 load address 0x08001eec
 FILL mask 0xff
 *(.data.CCMRAM .data.CCMRAM.*)
                0x00000000                . = ALIGN (0x4)
                0x08001eec                _sidata = LOADADDR (.data)

.data           0x20000000       0x88 load address 0x08001eec
 FILL mask 0xff
                0x20000000                _sdata = .
                0x20000000                __data_start__ = .
 *(.data_begin .data_begin.*)
 .data_begin    0x20000000        0x4 C:\Users\user\AppData\Local\Temp\cc47VrEt.ltrans0.ltrans.o
 *(.data .data.*)
 .data.AHBPrescTable
                0x20000004       0x10 C:\Users\user\AppData\Local\Temp\cc47VrEt.ltrans0.ltrans.o
 .data.SystemCoreClock
                0x20000014        0x4 C:\Users\user\AppData\Local\Temp\cc47VrEt.ltrans0.ltrans.o
 .data.argv.4310
                0x20000018        0x8 C:\Users\user\AppData\Local\Temp\cc47VrEt.ltrans0.ltrans.o
 .data._impure_ptr
                0x20000020        0x4 d:/imt course/imt_arm_course/02- tools/03- imt sdk/sdk/imt_sdk_win_64/winarm/armgcc/bin/../lib/gcc/arm-none-eabi/7.2.1/../../../../arm-none-eabi/lib/thumb/v7-m\libg_nano.a(lib_a-impure.o)
                0x20000020                _impure_ptr
 .data.impure_data
                0x20000024       0x60 d:/imt course/imt_arm_course/02- tools/03- imt sdk/sdk/imt_sdk_win_64/winarm/armgcc/bin/../lib/gcc/arm-none-eabi/7.2.1/../../../../arm-none-eabi/lib/thumb/v7-m\libg_nano.a(lib_a-impure.o)
 *(.data_end .data_end.*)
 .data_end      0x20000084        0x4 C:\Users\user\AppData\Local\Temp\cc47VrEt.ltrans0.ltrans.o
                0x20000088                . = ALIGN (0x4)
                0x20000088                _edata = .
                0x20000088                __data_end__ = .

.igot.plt       0x20000088        0x0 load address 0x08001f74
 .igot.plt      0x20000088        0x0 d:/imt course/imt_arm_course/02- tools/03- imt sdk/sdk/imt_sdk_win_64/winarm/armgcc/bin/../lib/gcc/arm-none-eabi/7.2.1/../../../../arm-none-eabi/lib/thumb/v7-m\libg_nano.a(lib_a-errno.o)

.bss_CCMRAM     0x00000000        0x0
 *(.bss.CCMRAM .bss.CCMRAM.*)

.bss            0x20000088       0xb0
                0x20000088                __bss_start__ = .
                0x20000088                _sbss = .
 *(.bss_begin .bss_begin.*)
 .bss_begin     0x20000088        0x4 C:\Users\user\AppData\Local\Temp\cc47VrEt.ltrans0.ltrans.o
 *(.bss .bss.*)
 .bss.buf.5205  0x2000008c       0x80 C:\Users\user\AppData\Local\Temp\cc47VrEt.ltrans0.ltrans.o
 .bss.current_heap_end.3961
                0x2000010c        0x4 C:\Users\user\AppData\Local\Temp\cc47VrEt.ltrans0.ltrans.o
 .bss.key       0x20000110        0x6 C:\Users\user\AppData\Local\Temp\cc47VrEt.ltrans0.ltrans.o
 *fill*         0x20000116        0x2 
 .bss.name.4309
                0x20000118        0x1 C:\Users\user\AppData\Local\Temp\cc47VrEt.ltrans0.ltrans.o
 *fill*         0x20000119        0x3 
 .bss.uid       0x2000011c        0xc C:\Users\user\AppData\Local\Temp\cc47VrEt.ltrans0.ltrans.o
 .bss.__malloc_free_list
                0x20000128        0x4 d:/imt course/imt_arm_course/02- tools/03- imt sdk/sdk/imt_sdk_win_64/winarm/armgcc/bin/../lib/gcc/arm-none-eabi/7.2.1/../../../../arm-none-eabi/lib/thumb/v7-m\libg_nano.a(lib_a-nano-mallocr.o)
                0x20000128                __malloc_free_list
 .bss.__malloc_sbrk_start
                0x2000012c        0x4 d:/imt course/imt_arm_course/02- tools/03- imt sdk/sdk/imt_sdk_win_64/winarm/armgcc/bin/../lib/gcc/arm-none-eabi/7.2.1/../../../../arm-none-eabi/lib/thumb/v7-m\libg_nano.a(lib_a-nano-mallocr.o)
                0x2000012c                __malloc_sbrk_start
 *(COMMON)
 COMMON         0x20000130        0x4 C:\Users\user\AppData\Local\Temp\cc47VrEt.ltrans0.ltrans.o
                0x20000130                errno
 *(.bss_end .bss_end.*)
 .bss_end       0x20000134        0x4 C:\Users\user\AppData\Local\Temp\cc47VrEt.ltrans0.ltrans.o
                0x20000138                . = ALIGN (0x4)
                0x20000138                __bss_end__ = .
                0x20000138                _ebss = .

.noinit_CCMRAM
 *(.noinit.CCMRAM .noinit.CCMRAM.*)

.noinit         0x20000138        0x0
                0x20000138                _noinit = .
 *(.noinit .noinit.*)
                0x20000138                . = ALIGN (0x4)
                0x20000138                _end_noinit = .
                [!provide]                PROVIDE (end, _end_noinit)
                [!provide]                PROVIDE (_end, _end_noinit)
                [!provide]                PROVIDE (__end, _end_noinit)
                [!provide]                PROVIDE (__end__, _end_noinit)

._check_stack   0x20000138      0x100
                0x20000238                . = (. + _Minimum_Stack_Size)
 *fill*         0x20000138      0x100 

.b1text
 *(.b1text)
 *(.b1rodata)
 *(.b1rodata.*)

.eb0text
 *(.eb0text)
 *(.eb0rodata)
 *(.eb0rodata.*)

.eb1text
 *(.eb1text)
 *(.eb1rodata)
 *(.eb1rodata.*)

.eb2text
 *(.eb2text)
 *(.eb2rodata)
 *(.eb2rodata.*)

.eb3text
 *(.eb3text)
 *(.eb3rodata)
 *(.eb3rodata.*)

.stab
 *(.stab)

.stabstr
 *(.stabstr)

.stab.excl
 *(.stab.excl)

.stab.exclstr
 *(.stab.exclstr)

.stab.index
 *(.stab.index)

.stab.indexstr
 *(.stab.indexstr)

.comment        0x00000000       0x7e
 *(.comment)
 .comment       0x00000000       0x7e C:\Users\user\AppData\Local\Temp\cc47VrEt.ltrans0.ltrans.o
                                 0x7f (size before relaxing)

.ARM.attributes
                0x00000000       0x31
 .ARM.attributes
                0x00000000       0x31 C:\Users\user\AppData\Local\Temp\cc47VrEt.ltrans0.ltrans.o
 .ARM.attributes
                0x00000031       0x2d d:/imt course/imt_arm_course/02- tools/03- imt sdk/sdk/imt_sdk_win_64/winarm/armgcc/bin/../lib/gcc/arm-none-eabi/7.2.1/../../../../arm-none-eabi/lib/thumb/v7-m\libg_nano.a(lib_a-errno.o)
 .ARM.attributes
                0x0000005e       0x2d d:/imt course/imt_arm_course/02- tools/03- imt sdk/sdk/imt_sdk_win_64/winarm/armgcc/bin/../lib/gcc/arm-none-eabi/7.2.1/../../../../arm-none-eabi/lib/thumb/v7-m\libg_nano.a(lib_a-impure.o)
 .ARM.attributes
                0x0000008b       0x2d d:/imt course/imt_arm_course/02- tools/03- imt sdk/sdk/imt_sdk_win_64/winarm/armgcc/bin/../lib/gcc/arm-none-eabi/7.2.1/../../../../arm-none-eabi/lib/thumb/v7-m\libg_nano.a(lib_a-vsnprintf.o)
 .ARM.attributes
                0x000000b8       0x2d d:/imt course/imt_arm_course/02- tools/03- imt sdk/sdk/imt_sdk_win_64/winarm/armgcc/bin/../lib/gcc/arm-none-eabi/7.2.1/../../../../arm-none-eabi/lib/thumb/v7-m\libg_nano.a(lib_a-nano-svfprintf.o)
 .ARM.attributes
                0x000000e5       0x2d d:/imt course/imt_arm_course/02- tools/03- imt sdk/sdk/imt_sdk_win_64/winarm/armgcc/bin/../lib/gcc/arm-none-eabi/7.2.1/../../../../arm-none-eabi/lib/thumb/v7-m\libg_nano.a(lib_a-nano-vfprintf_i.o)
 .ARM.attributes
                0x00000112       0x2d d:/imt course/imt_arm_course/02- tools/03- imt sdk/sdk/imt_sdk_win_64/winarm/armgcc/bin/../lib/gcc/arm-none-eabi/7.2.1/../../../../arm-none-eabi/lib/thumb/v7-m\libg_nano.a(lib_a-memchr-stub.o)
 .ARM.attributes
                0x0000013f       0x2d d:/imt course/imt_arm_course/02- tools/03- imt sdk/sdk/imt_sdk_win_64/winarm/armgcc/bin/../lib/gcc/arm-none-eabi/7.2.1/../../../../arm-none-eabi/lib/thumb/v7-m\libg_nano.a(lib_a-memcpy-stub.o)
 .ARM.attributes
                0x0000016c       0x2d d:/imt course/imt_arm_course/02- tools/03- imt sdk/sdk/imt_sdk_win_64/winarm/armgcc/bin/../lib/gcc/arm-none-eabi/7.2.1/../../../../arm-none-eabi/lib/thumb/v7-m\libg_nano.a(lib_a-memmove.o)
 .ARM.attributes
                0x00000199       0x2d d:/imt course/imt_arm_course/02- tools/03- imt sdk/sdk/imt_sdk_win_64/winarm/armgcc/bin/../lib/gcc/arm-none-eabi/7.2.1/../../../../arm-none-eabi/lib/thumb/v7-m\libg_nano.a(lib_a-nano-freer.o)
 .ARM.attributes
                0x000001c6       0x2d d:/imt course/imt_arm_course/02- tools/03- imt sdk/sdk/imt_sdk_win_64/winarm/armgcc/bin/../lib/gcc/arm-none-eabi/7.2.1/../../../../arm-none-eabi/lib/thumb/v7-m\libg_nano.a(lib_a-nano-mallocr.o)
 .ARM.attributes
                0x000001f3       0x2d d:/imt course/imt_arm_course/02- tools/03- imt sdk/sdk/imt_sdk_win_64/winarm/armgcc/bin/../lib/gcc/arm-none-eabi/7.2.1/../../../../arm-none-eabi/lib/thumb/v7-m\libg_nano.a(lib_a-nano-reallocr.o)
 .ARM.attributes
                0x00000220       0x2d d:/imt course/imt_arm_course/02- tools/03- imt sdk/sdk/imt_sdk_win_64/winarm/armgcc/bin/../lib/gcc/arm-none-eabi/7.2.1/../../../../arm-none-eabi/lib/thumb/v7-m\libg_nano.a(lib_a-sbrkr.o)
 .ARM.attributes
                0x0000024d       0x2d d:/imt course/imt_arm_course/02- tools/03- imt sdk/sdk/imt_sdk_win_64/winarm/armgcc/bin/../lib/gcc/arm-none-eabi/7.2.1/../../../../arm-none-eabi/lib/thumb/v7-m\libg_nano.a(lib_a-mlock.o)
 .ARM.attributes
                0x0000027a       0x2d d:/imt course/imt_arm_course/02- tools/03- imt sdk/sdk/imt_sdk_win_64/winarm/armgcc/bin/../lib/gcc/arm-none-eabi/7.2.1/../../../../arm-none-eabi/lib/thumb/v7-m\libg_nano.a(lib_a-nano-msizer.o)

.debug
 *(.debug)

.line
 *(.line)

.debug_srcinfo
 *(.debug_srcinfo)

.debug_sfnames
 *(.debug_sfnames)

.debug_aranges  0x00000000      0x230
 *(.debug_aranges)
 .debug_aranges
                0x00000000      0x230 C:\Users\user\AppData\Local\Temp\cc47VrEt.ltrans0.ltrans.o

.debug_pubnames
 *(.debug_pubnames)

.debug_info     0x00000000     0x2a32
 *(.debug_info .gnu.linkonce.wi.*)
 .debug_info    0x00000000     0x2a32 C:\Users\user\AppData\Local\Temp\cc47VrEt.ltrans0.ltrans.o

.debug_abbrev   0x00000000      0x47f
 *(.debug_abbrev)
 .debug_abbrev  0x00000000      0x47f C:\Users\user\AppData\Local\Temp\cc47VrEt.ltrans0.ltrans.o

.debug_line     0x00000000      0xb90
 *(.debug_line)
 .debug_line    0x00000000      0xb90 C:\Users\user\AppData\Local\Temp\cc47VrEt.ltrans0.ltrans.o

.debug_frame    0x00000000      0x9f8
 *(.debug_frame)
 .debug_frame   0x00000000      0x708 C:\Users\user\AppData\Local\Temp\cc47VrEt.ltrans0.ltrans.o
 .debug_frame   0x00000708       0x20 d:/imt course/imt_arm_course/02- tools/03- imt sdk/sdk/imt_sdk_win_64/winarm/armgcc/bin/../lib/gcc/arm-none-eabi/7.2.1/../../../../arm-none-eabi/lib/thumb/v7-m\libg_nano.a(lib_a-errno.o)
 .debug_frame   0x00000728       0x4c d:/imt course/imt_arm_course/02- tools/03- imt sdk/sdk/imt_sdk_win_64/winarm/armgcc/bin/../lib/gcc/arm-none-eabi/7.2.1/../../../../arm-none-eabi/lib/thumb/v7-m\libg_nano.a(lib_a-vsnprintf.o)
 .debug_frame   0x00000774       0x90 d:/imt course/imt_arm_course/02- tools/03- imt sdk/sdk/imt_sdk_win_64/winarm/armgcc/bin/../lib/gcc/arm-none-eabi/7.2.1/../../../../arm-none-eabi/lib/thumb/v7-m\libg_nano.a(lib_a-nano-svfprintf.o)
 .debug_frame   0x00000804       0x60 d:/imt course/imt_arm_course/02- tools/03- imt sdk/sdk/imt_sdk_win_64/winarm/armgcc/bin/../lib/gcc/arm-none-eabi/7.2.1/../../../../arm-none-eabi/lib/thumb/v7-m\libg_nano.a(lib_a-nano-vfprintf_i.o)
 .debug_frame   0x00000864       0x28 d:/imt course/imt_arm_course/02- tools/03- imt sdk/sdk/imt_sdk_win_64/winarm/armgcc/bin/../lib/gcc/arm-none-eabi/7.2.1/../../../../arm-none-eabi/lib/thumb/v7-m\libg_nano.a(lib_a-memchr-stub.o)
 .debug_frame   0x0000088c       0x28 d:/imt course/imt_arm_course/02- tools/03- imt sdk/sdk/imt_sdk_win_64/winarm/armgcc/bin/../lib/gcc/arm-none-eabi/7.2.1/../../../../arm-none-eabi/lib/thumb/v7-m\libg_nano.a(lib_a-memcpy-stub.o)
 .debug_frame   0x000008b4       0x28 d:/imt course/imt_arm_course/02- tools/03- imt sdk/sdk/imt_sdk_win_64/winarm/armgcc/bin/../lib/gcc/arm-none-eabi/7.2.1/../../../../arm-none-eabi/lib/thumb/v7-m\libg_nano.a(lib_a-memmove.o)
 .debug_frame   0x000008dc       0x38 d:/imt course/imt_arm_course/02- tools/03- imt sdk/sdk/imt_sdk_win_64/winarm/armgcc/bin/../lib/gcc/arm-none-eabi/7.2.1/../../../../arm-none-eabi/lib/thumb/v7-m\libg_nano.a(lib_a-nano-freer.o)
 .debug_frame   0x00000914       0x2c d:/imt course/imt_arm_course/02- tools/03- imt sdk/sdk/imt_sdk_win_64/winarm/armgcc/bin/../lib/gcc/arm-none-eabi/7.2.1/../../../../arm-none-eabi/lib/thumb/v7-m\libg_nano.a(lib_a-nano-mallocr.o)
 .debug_frame   0x00000940       0x3c d:/imt course/imt_arm_course/02- tools/03- imt sdk/sdk/imt_sdk_win_64/winarm/armgcc/bin/../lib/gcc/arm-none-eabi/7.2.1/../../../../arm-none-eabi/lib/thumb/v7-m\libg_nano.a(lib_a-nano-reallocr.o)
 .debug_frame   0x0000097c       0x2c d:/imt course/imt_arm_course/02- tools/03- imt sdk/sdk/imt_sdk_win_64/winarm/armgcc/bin/../lib/gcc/arm-none-eabi/7.2.1/../../../../arm-none-eabi/lib/thumb/v7-m\libg_nano.a(lib_a-sbrkr.o)
 .debug_frame   0x000009a8       0x30 d:/imt course/imt_arm_course/02- tools/03- imt sdk/sdk/imt_sdk_win_64/winarm/armgcc/bin/../lib/gcc/arm-none-eabi/7.2.1/../../../../arm-none-eabi/lib/thumb/v7-m\libg_nano.a(lib_a-mlock.o)
 .debug_frame   0x000009d8       0x20 d:/imt course/imt_arm_course/02- tools/03- imt sdk/sdk/imt_sdk_win_64/winarm/armgcc/bin/../lib/gcc/arm-none-eabi/7.2.1/../../../../arm-none-eabi/lib/thumb/v7-m\libg_nano.a(lib_a-nano-msizer.o)

.debug_str      0x00000000      0xca9
 *(.debug_str)
 .debug_str     0x00000000      0xca9 C:\Users\user\AppData\Local\Temp\cc47VrEt.ltrans0.ltrans.o
                                0xd19 (size before relaxing)

.debug_loc      0x00000000     0x1d2f
 *(.debug_loc)
 .debug_loc     0x00000000     0x1d2f C:\Users\user\AppData\Local\Temp\cc47VrEt.ltrans0.ltrans.o

.debug_macinfo
 *(.debug_macinfo)

.debug_weaknames
 *(.debug_weaknames)

.debug_funcnames
 *(.debug_funcnames)

.debug_typenames
 *(.debug_typenames)

.debug_varnames
 *(.debug_varnames)
OUTPUT(RegistrationDevice.elf elf32-littlearm)

.debug_ranges   0x00000000      0x3b0
 .debug_ranges  0x00000000      0x3b0 C:\Users\user\AppData\Local\Temp\cc47VrEt.ltrans0.ltrans.o
