Archive member included to satisfy reference by file (symbol)

d:/imt course/imt_arm_course/02- tools/03- imt sdk/sdk/imt_sdk_win_64/winarm/armgcc/bin/../lib/gcc/arm-none-eabi/7.2.1/../../../../arm-none-eabi/lib/thumb/v7-m\libg_nano.a(lib_a-errno.o)
                              ./system/src/newlib/_sbrk.o (symbol from plugin) (__errno)
d:/imt course/imt_arm_course/02- tools/03- imt sdk/sdk/imt_sdk_win_64/winarm/armgcc/bin/../lib/gcc/arm-none-eabi/7.2.1/../../../../arm-none-eabi/lib/thumb/v7-m\libg_nano.a(lib_a-impure.o)
                              d:/imt course/imt_arm_course/02- tools/03- imt sdk/sdk/imt_sdk_win_64/winarm/armgcc/bin/../lib/gcc/arm-none-eabi/7.2.1/../../../../arm-none-eabi/lib/thumb/v7-m\libg_nano.a(lib_a-errno.o) (_impure_ptr)
d:/imt course/imt_arm_course/02- tools/03- imt sdk/sdk/imt_sdk_win_64/winarm/armgcc/bin/../lib/gcc/arm-none-eabi/7.2.1/../../../../arm-none-eabi/lib/thumb/v7-m\libg_nano.a(lib_a-strlen.o)
                              ./system/src/diag/Trace.o (symbol from plugin) (strlen)
d:/imt course/imt_arm_course/02- tools/03- imt sdk/sdk/imt_sdk_win_64/winarm/armgcc/bin/../lib/gcc/arm-none-eabi/7.2.1/../../../../arm-none-eabi/lib/thumb/v7-m\libg_nano.a(lib_a-vsnprintf.o)
                              ./system/src/diag/Trace.o (symbol from plugin) (vsnprintf)
d:/imt course/imt_arm_course/02- tools/03- imt sdk/sdk/imt_sdk_win_64/winarm/armgcc/bin/../lib/gcc/arm-none-eabi/7.2.1/../../../../arm-none-eabi/lib/thumb/v7-m\libg_nano.a(lib_a-nano-svfprintf.o)
                              d:/imt course/imt_arm_course/02- tools/03- imt sdk/sdk/imt_sdk_win_64/winarm/armgcc/bin/../lib/gcc/arm-none-eabi/7.2.1/../../../../arm-none-eabi/lib/thumb/v7-m\libg_nano.a(lib_a-vsnprintf.o) (_svfprintf_r)
d:/imt course/imt_arm_course/02- tools/03- imt sdk/sdk/imt_sdk_win_64/winarm/armgcc/bin/../lib/gcc/arm-none-eabi/7.2.1/../../../../arm-none-eabi/lib/thumb/v7-m\libg_nano.a(lib_a-nano-vfprintf_i.o)
                              d:/imt course/imt_arm_course/02- tools/03- imt sdk/sdk/imt_sdk_win_64/winarm/armgcc/bin/../lib/gcc/arm-none-eabi/7.2.1/../../../../arm-none-eabi/lib/thumb/v7-m\libg_nano.a(lib_a-nano-svfprintf.o) (_printf_i)
d:/imt course/imt_arm_course/02- tools/03- imt sdk/sdk/imt_sdk_win_64/winarm/armgcc/bin/../lib/gcc/arm-none-eabi/7.2.1/../../../../arm-none-eabi/lib/thumb/v7-m\libg_nano.a(lib_a-memchr-stub.o)
                              d:/imt course/imt_arm_course/02- tools/03- imt sdk/sdk/imt_sdk_win_64/winarm/armgcc/bin/../lib/gcc/arm-none-eabi/7.2.1/../../../../arm-none-eabi/lib/thumb/v7-m\libg_nano.a(lib_a-nano-svfprintf.o) (memchr)
d:/imt course/imt_arm_course/02- tools/03- imt sdk/sdk/imt_sdk_win_64/winarm/armgcc/bin/../lib/gcc/arm-none-eabi/7.2.1/../../../../arm-none-eabi/lib/thumb/v7-m\libg_nano.a(lib_a-memcpy-stub.o)
                              d:/imt course/imt_arm_course/02- tools/03- imt sdk/sdk/imt_sdk_win_64/winarm/armgcc/bin/../lib/gcc/arm-none-eabi/7.2.1/../../../../arm-none-eabi/lib/thumb/v7-m\libg_nano.a(lib_a-nano-svfprintf.o) (memcpy)
d:/imt course/imt_arm_course/02- tools/03- imt sdk/sdk/imt_sdk_win_64/winarm/armgcc/bin/../lib/gcc/arm-none-eabi/7.2.1/../../../../arm-none-eabi/lib/thumb/v7-m\libg_nano.a(lib_a-memmove.o)
                              d:/imt course/imt_arm_course/02- tools/03- imt sdk/sdk/imt_sdk_win_64/winarm/armgcc/bin/../lib/gcc/arm-none-eabi/7.2.1/../../../../arm-none-eabi/lib/thumb/v7-m\libg_nano.a(lib_a-nano-svfprintf.o) (memmove)
d:/imt course/imt_arm_course/02- tools/03- imt sdk/sdk/imt_sdk_win_64/winarm/armgcc/bin/../lib/gcc/arm-none-eabi/7.2.1/../../../../arm-none-eabi/lib/thumb/v7-m\libg_nano.a(lib_a-nano-freer.o)
                              d:/imt course/imt_arm_course/02- tools/03- imt sdk/sdk/imt_sdk_win_64/winarm/armgcc/bin/../lib/gcc/arm-none-eabi/7.2.1/../../../../arm-none-eabi/lib/thumb/v7-m\libg_nano.a(lib_a-nano-svfprintf.o) (_free_r)
d:/imt course/imt_arm_course/02- tools/03- imt sdk/sdk/imt_sdk_win_64/winarm/armgcc/bin/../lib/gcc/arm-none-eabi/7.2.1/../../../../arm-none-eabi/lib/thumb/v7-m\libg_nano.a(lib_a-nano-mallocr.o)
                              d:/imt course/imt_arm_course/02- tools/03- imt sdk/sdk/imt_sdk_win_64/winarm/armgcc/bin/../lib/gcc/arm-none-eabi/7.2.1/../../../../arm-none-eabi/lib/thumb/v7-m\libg_nano.a(lib_a-nano-svfprintf.o) (_malloc_r)
d:/imt course/imt_arm_course/02- tools/03- imt sdk/sdk/imt_sdk_win_64/winarm/armgcc/bin/../lib/gcc/arm-none-eabi/7.2.1/../../../../arm-none-eabi/lib/thumb/v7-m\libg_nano.a(lib_a-nano-reallocr.o)
                              d:/imt course/imt_arm_course/02- tools/03- imt sdk/sdk/imt_sdk_win_64/winarm/armgcc/bin/../lib/gcc/arm-none-eabi/7.2.1/../../../../arm-none-eabi/lib/thumb/v7-m\libg_nano.a(lib_a-nano-svfprintf.o) (_realloc_r)
d:/imt course/imt_arm_course/02- tools/03- imt sdk/sdk/imt_sdk_win_64/winarm/armgcc/bin/../lib/gcc/arm-none-eabi/7.2.1/../../../../arm-none-eabi/lib/thumb/v7-m\libg_nano.a(lib_a-sbrkr.o)
                              d:/imt course/imt_arm_course/02- tools/03- imt sdk/sdk/imt_sdk_win_64/winarm/armgcc/bin/../lib/gcc/arm-none-eabi/7.2.1/../../../../arm-none-eabi/lib/thumb/v7-m\libg_nano.a(lib_a-nano-mallocr.o) (_sbrk_r)
d:/imt course/imt_arm_course/02- tools/03- imt sdk/sdk/imt_sdk_win_64/winarm/armgcc/bin/../lib/gcc/arm-none-eabi/7.2.1/../../../../arm-none-eabi/lib/thumb/v7-m\libg_nano.a(lib_a-mlock.o)
                              d:/imt course/imt_arm_course/02- tools/03- imt sdk/sdk/imt_sdk_win_64/winarm/armgcc/bin/../lib/gcc/arm-none-eabi/7.2.1/../../../../arm-none-eabi/lib/thumb/v7-m\libg_nano.a(lib_a-nano-freer.o) (__malloc_lock)
d:/imt course/imt_arm_course/02- tools/03- imt sdk/sdk/imt_sdk_win_64/winarm/armgcc/bin/../lib/gcc/arm-none-eabi/7.2.1/../../../../arm-none-eabi/lib/thumb/v7-m\libg_nano.a(lib_a-nano-msizer.o)
                              d:/imt course/imt_arm_course/02- tools/03- imt sdk/sdk/imt_sdk_win_64/winarm/armgcc/bin/../lib/gcc/arm-none-eabi/7.2.1/../../../../arm-none-eabi/lib/thumb/v7-m\libg_nano.a(lib_a-nano-reallocr.o) (_malloc_usable_size_r)
d:/imt course/imt_arm_course/02- tools/03- imt sdk/sdk/imt_sdk_win_64/winarm/armgcc/bin/../lib/gcc/arm-none-eabi/7.2.1/../../../../arm-none-eabi/lib/thumb/v7-m\libg_nano.a(lib_a-memset.o)
                              C:\Users\user\AppData\Local\Temp\ccdQBf77.ltrans0.ltrans.o (memset)

Allocating common symbols
Common symbol       size              file

errno               0x4               C:\Users\user\AppData\Local\Temp\ccdQBf77.ltrans0.ltrans.o
callBackFunc        0xc               ./src/TIMER_program.o (symbol from plugin)
key                 0x6               ./src/Reader.o (symbol from plugin)

Discarded input sections

 .text          0x00000000        0x0 C:\Users\user\AppData\Local\Temp\ccdQBf77.ltrans0.ltrans.o
 .data          0x00000000        0x0 C:\Users\user\AppData\Local\Temp\ccdQBf77.ltrans0.ltrans.o
 .bss           0x00000000        0x0 C:\Users\user\AppData\Local\Temp\ccdQBf77.ltrans0.ltrans.o
 .text.RCC_voidInitSysClock
                0x00000000        0x2 C:\Users\user\AppData\Local\Temp\ccdQBf77.ltrans0.ltrans.o
 .data.ADCPrescTable
                0x00000000        0x4 C:\Users\user\AppData\Local\Temp\ccdQBf77.ltrans0.ltrans.o
 .data.APBAHBPrescTable
                0x00000000       0x10 C:\Users\user\AppData\Local\Temp\ccdQBf77.ltrans0.ltrans.o
 .text          0x00000000        0x0 d:/imt course/imt_arm_course/02- tools/03- imt sdk/sdk/imt_sdk_win_64/winarm/armgcc/bin/../lib/gcc/arm-none-eabi/7.2.1/../../../../arm-none-eabi/lib/thumb/v7-m\libg_nano.a(lib_a-errno.o)
 .data          0x00000000        0x0 d:/imt course/imt_arm_course/02- tools/03- imt sdk/sdk/imt_sdk_win_64/winarm/armgcc/bin/../lib/gcc/arm-none-eabi/7.2.1/../../../../arm-none-eabi/lib/thumb/v7-m\libg_nano.a(lib_a-errno.o)
 .bss           0x00000000        0x0 d:/imt course/imt_arm_course/02- tools/03- imt sdk/sdk/imt_sdk_win_64/winarm/armgcc/bin/../lib/gcc/arm-none-eabi/7.2.1/../../../../arm-none-eabi/lib/thumb/v7-m\libg_nano.a(lib_a-errno.o)
 .text          0x00000000        0x0 d:/imt course/imt_arm_course/02- tools/03- imt sdk/sdk/imt_sdk_win_64/winarm/armgcc/bin/../lib/gcc/arm-none-eabi/7.2.1/../../../../arm-none-eabi/lib/thumb/v7-m\libg_nano.a(lib_a-impure.o)
 .data          0x00000000        0x0 d:/imt course/imt_arm_course/02- tools/03- imt sdk/sdk/imt_sdk_win_64/winarm/armgcc/bin/../lib/gcc/arm-none-eabi/7.2.1/../../../../arm-none-eabi/lib/thumb/v7-m\libg_nano.a(lib_a-impure.o)
 .bss           0x00000000        0x0 d:/imt course/imt_arm_course/02- tools/03- imt sdk/sdk/imt_sdk_win_64/winarm/armgcc/bin/../lib/gcc/arm-none-eabi/7.2.1/../../../../arm-none-eabi/lib/thumb/v7-m\libg_nano.a(lib_a-impure.o)
 .rodata._global_impure_ptr
                0x00000000        0x4 d:/imt course/imt_arm_course/02- tools/03- imt sdk/sdk/imt_sdk_win_64/winarm/armgcc/bin/../lib/gcc/arm-none-eabi/7.2.1/../../../../arm-none-eabi/lib/thumb/v7-m\libg_nano.a(lib_a-impure.o)
 .text          0x00000000       0x10 d:/imt course/imt_arm_course/02- tools/03- imt sdk/sdk/imt_sdk_win_64/winarm/armgcc/bin/../lib/gcc/arm-none-eabi/7.2.1/../../../../arm-none-eabi/lib/thumb/v7-m\libg_nano.a(lib_a-strlen.o)
 .data          0x00000000        0x0 d:/imt course/imt_arm_course/02- tools/03- imt sdk/sdk/imt_sdk_win_64/winarm/armgcc/bin/../lib/gcc/arm-none-eabi/7.2.1/../../../../arm-none-eabi/lib/thumb/v7-m\libg_nano.a(lib_a-strlen.o)
 .bss           0x00000000        0x0 d:/imt course/imt_arm_course/02- tools/03- imt sdk/sdk/imt_sdk_win_64/winarm/armgcc/bin/../lib/gcc/arm-none-eabi/7.2.1/../../../../arm-none-eabi/lib/thumb/v7-m\libg_nano.a(lib_a-strlen.o)
 .ARM.attributes
                0x00000000       0x17 d:/imt course/imt_arm_course/02- tools/03- imt sdk/sdk/imt_sdk_win_64/winarm/armgcc/bin/../lib/gcc/arm-none-eabi/7.2.1/../../../../arm-none-eabi/lib/thumb/v7-m\libg_nano.a(lib_a-strlen.o)
 .text          0x00000000        0x0 d:/imt course/imt_arm_course/02- tools/03- imt sdk/sdk/imt_sdk_win_64/winarm/armgcc/bin/../lib/gcc/arm-none-eabi/7.2.1/../../../../arm-none-eabi/lib/thumb/v7-m\libg_nano.a(lib_a-vsnprintf.o)
 .data          0x00000000        0x0 d:/imt course/imt_arm_course/02- tools/03- imt sdk/sdk/imt_sdk_win_64/winarm/armgcc/bin/../lib/gcc/arm-none-eabi/7.2.1/../../../../arm-none-eabi/lib/thumb/v7-m\libg_nano.a(lib_a-vsnprintf.o)
 .bss           0x00000000        0x0 d:/imt course/imt_arm_course/02- tools/03- imt sdk/sdk/imt_sdk_win_64/winarm/armgcc/bin/../lib/gcc/arm-none-eabi/7.2.1/../../../../arm-none-eabi/lib/thumb/v7-m\libg_nano.a(lib_a-vsnprintf.o)
 .text          0x00000000        0x0 d:/imt course/imt_arm_course/02- tools/03- imt sdk/sdk/imt_sdk_win_64/winarm/armgcc/bin/../lib/gcc/arm-none-eabi/7.2.1/../../../../arm-none-eabi/lib/thumb/v7-m\libg_nano.a(lib_a-nano-svfprintf.o)
 .data          0x00000000        0x0 d:/imt course/imt_arm_course/02- tools/03- imt sdk/sdk/imt_sdk_win_64/winarm/armgcc/bin/../lib/gcc/arm-none-eabi/7.2.1/../../../../arm-none-eabi/lib/thumb/v7-m\libg_nano.a(lib_a-nano-svfprintf.o)
 .bss           0x00000000        0x0 d:/imt course/imt_arm_course/02- tools/03- imt sdk/sdk/imt_sdk_win_64/winarm/armgcc/bin/../lib/gcc/arm-none-eabi/7.2.1/../../../../arm-none-eabi/lib/thumb/v7-m\libg_nano.a(lib_a-nano-svfprintf.o)
 .text.__ssprint_r
                0x00000000       0xf0 d:/imt course/imt_arm_course/02- tools/03- imt sdk/sdk/imt_sdk_win_64/winarm/armgcc/bin/../lib/gcc/arm-none-eabi/7.2.1/../../../../arm-none-eabi/lib/thumb/v7-m\libg_nano.a(lib_a-nano-svfprintf.o)
 .text          0x00000000        0x0 d:/imt course/imt_arm_course/02- tools/03- imt sdk/sdk/imt_sdk_win_64/winarm/armgcc/bin/../lib/gcc/arm-none-eabi/7.2.1/../../../../arm-none-eabi/lib/thumb/v7-m\libg_nano.a(lib_a-nano-vfprintf_i.o)
 .data          0x00000000        0x0 d:/imt course/imt_arm_course/02- tools/03- imt sdk/sdk/imt_sdk_win_64/winarm/armgcc/bin/../lib/gcc/arm-none-eabi/7.2.1/../../../../arm-none-eabi/lib/thumb/v7-m\libg_nano.a(lib_a-nano-vfprintf_i.o)
 .bss           0x00000000        0x0 d:/imt course/imt_arm_course/02- tools/03- imt sdk/sdk/imt_sdk_win_64/winarm/armgcc/bin/../lib/gcc/arm-none-eabi/7.2.1/../../../../arm-none-eabi/lib/thumb/v7-m\libg_nano.a(lib_a-nano-vfprintf_i.o)
 .text          0x00000000        0x0 d:/imt course/imt_arm_course/02- tools/03- imt sdk/sdk/imt_sdk_win_64/winarm/armgcc/bin/../lib/gcc/arm-none-eabi/7.2.1/../../../../arm-none-eabi/lib/thumb/v7-m\libg_nano.a(lib_a-memchr-stub.o)
 .data          0x00000000        0x0 d:/imt course/imt_arm_course/02- tools/03- imt sdk/sdk/imt_sdk_win_64/winarm/armgcc/bin/../lib/gcc/arm-none-eabi/7.2.1/../../../../arm-none-eabi/lib/thumb/v7-m\libg_nano.a(lib_a-memchr-stub.o)
 .bss           0x00000000        0x0 d:/imt course/imt_arm_course/02- tools/03- imt sdk/sdk/imt_sdk_win_64/winarm/armgcc/bin/../lib/gcc/arm-none-eabi/7.2.1/../../../../arm-none-eabi/lib/thumb/v7-m\libg_nano.a(lib_a-memchr-stub.o)
 .text          0x00000000        0x0 d:/imt course/imt_arm_course/02- tools/03- imt sdk/sdk/imt_sdk_win_64/winarm/armgcc/bin/../lib/gcc/arm-none-eabi/7.2.1/../../../../arm-none-eabi/lib/thumb/v7-m\libg_nano.a(lib_a-memcpy-stub.o)
 .data          0x00000000        0x0 d:/imt course/imt_arm_course/02- tools/03- imt sdk/sdk/imt_sdk_win_64/winarm/armgcc/bin/../lib/gcc/arm-none-eabi/7.2.1/../../../../arm-none-eabi/lib/thumb/v7-m\libg_nano.a(lib_a-memcpy-stub.o)
 .bss           0x00000000        0x0 d:/imt course/imt_arm_course/02- tools/03- imt sdk/sdk/imt_sdk_win_64/winarm/armgcc/bin/../lib/gcc/arm-none-eabi/7.2.1/../../../../arm-none-eabi/lib/thumb/v7-m\libg_nano.a(lib_a-memcpy-stub.o)
 .text          0x00000000        0x0 d:/imt course/imt_arm_course/02- tools/03- imt sdk/sdk/imt_sdk_win_64/winarm/armgcc/bin/../lib/gcc/arm-none-eabi/7.2.1/../../../../arm-none-eabi/lib/thumb/v7-m\libg_nano.a(lib_a-memmove.o)
 .data          0x00000000        0x0 d:/imt course/imt_arm_course/02- tools/03- imt sdk/sdk/imt_sdk_win_64/winarm/armgcc/bin/../lib/gcc/arm-none-eabi/7.2.1/../../../../arm-none-eabi/lib/thumb/v7-m\libg_nano.a(lib_a-memmove.o)
 .bss           0x00000000        0x0 d:/imt course/imt_arm_course/02- tools/03- imt sdk/sdk/imt_sdk_win_64/winarm/armgcc/bin/../lib/gcc/arm-none-eabi/7.2.1/../../../../arm-none-eabi/lib/thumb/v7-m\libg_nano.a(lib_a-memmove.o)
 .text          0x00000000        0x0 d:/imt course/imt_arm_course/02- tools/03- imt sdk/sdk/imt_sdk_win_64/winarm/armgcc/bin/../lib/gcc/arm-none-eabi/7.2.1/../../../../arm-none-eabi/lib/thumb/v7-m\libg_nano.a(lib_a-nano-freer.o)
 .data          0x00000000        0x0 d:/imt course/imt_arm_course/02- tools/03- imt sdk/sdk/imt_sdk_win_64/winarm/armgcc/bin/../lib/gcc/arm-none-eabi/7.2.1/../../../../arm-none-eabi/lib/thumb/v7-m\libg_nano.a(lib_a-nano-freer.o)
 .bss           0x00000000        0x0 d:/imt course/imt_arm_course/02- tools/03- imt sdk/sdk/imt_sdk_win_64/winarm/armgcc/bin/../lib/gcc/arm-none-eabi/7.2.1/../../../../arm-none-eabi/lib/thumb/v7-m\libg_nano.a(lib_a-nano-freer.o)
 .text          0x00000000        0x0 d:/imt course/imt_arm_course/02- tools/03- imt sdk/sdk/imt_sdk_win_64/winarm/armgcc/bin/../lib/gcc/arm-none-eabi/7.2.1/../../../../arm-none-eabi/lib/thumb/v7-m\libg_nano.a(lib_a-nano-mallocr.o)
 .data          0x00000000        0x0 d:/imt course/imt_arm_course/02- tools/03- imt sdk/sdk/imt_sdk_win_64/winarm/armgcc/bin/../lib/gcc/arm-none-eabi/7.2.1/../../../../arm-none-eabi/lib/thumb/v7-m\libg_nano.a(lib_a-nano-mallocr.o)
 .bss           0x00000000        0x0 d:/imt course/imt_arm_course/02- tools/03- imt sdk/sdk/imt_sdk_win_64/winarm/armgcc/bin/../lib/gcc/arm-none-eabi/7.2.1/../../../../arm-none-eabi/lib/thumb/v7-m\libg_nano.a(lib_a-nano-mallocr.o)
 .text          0x00000000        0x0 d:/imt course/imt_arm_course/02- tools/03- imt sdk/sdk/imt_sdk_win_64/winarm/armgcc/bin/../lib/gcc/arm-none-eabi/7.2.1/../../../../arm-none-eabi/lib/thumb/v7-m\libg_nano.a(lib_a-nano-reallocr.o)
 .data          0x00000000        0x0 d:/imt course/imt_arm_course/02- tools/03- imt sdk/sdk/imt_sdk_win_64/winarm/armgcc/bin/../lib/gcc/arm-none-eabi/7.2.1/../../../../arm-none-eabi/lib/thumb/v7-m\libg_nano.a(lib_a-nano-reallocr.o)
 .bss           0x00000000        0x0 d:/imt course/imt_arm_course/02- tools/03- imt sdk/sdk/imt_sdk_win_64/winarm/armgcc/bin/../lib/gcc/arm-none-eabi/7.2.1/../../../../arm-none-eabi/lib/thumb/v7-m\libg_nano.a(lib_a-nano-reallocr.o)
 .text          0x00000000        0x0 d:/imt course/imt_arm_course/02- tools/03- imt sdk/sdk/imt_sdk_win_64/winarm/armgcc/bin/../lib/gcc/arm-none-eabi/7.2.1/../../../../arm-none-eabi/lib/thumb/v7-m\libg_nano.a(lib_a-sbrkr.o)
 .data          0x00000000        0x0 d:/imt course/imt_arm_course/02- tools/03- imt sdk/sdk/imt_sdk_win_64/winarm/armgcc/bin/../lib/gcc/arm-none-eabi/7.2.1/../../../../arm-none-eabi/lib/thumb/v7-m\libg_nano.a(lib_a-sbrkr.o)
 .bss           0x00000000        0x0 d:/imt course/imt_arm_course/02- tools/03- imt sdk/sdk/imt_sdk_win_64/winarm/armgcc/bin/../lib/gcc/arm-none-eabi/7.2.1/../../../../arm-none-eabi/lib/thumb/v7-m\libg_nano.a(lib_a-sbrkr.o)
 .text          0x00000000        0x0 d:/imt course/imt_arm_course/02- tools/03- imt sdk/sdk/imt_sdk_win_64/winarm/armgcc/bin/../lib/gcc/arm-none-eabi/7.2.1/../../../../arm-none-eabi/lib/thumb/v7-m\libg_nano.a(lib_a-mlock.o)
 .data          0x00000000        0x0 d:/imt course/imt_arm_course/02- tools/03- imt sdk/sdk/imt_sdk_win_64/winarm/armgcc/bin/../lib/gcc/arm-none-eabi/7.2.1/../../../../arm-none-eabi/lib/thumb/v7-m\libg_nano.a(lib_a-mlock.o)
 .bss           0x00000000        0x0 d:/imt course/imt_arm_course/02- tools/03- imt sdk/sdk/imt_sdk_win_64/winarm/armgcc/bin/../lib/gcc/arm-none-eabi/7.2.1/../../../../arm-none-eabi/lib/thumb/v7-m\libg_nano.a(lib_a-mlock.o)
 .text          0x00000000        0x0 d:/imt course/imt_arm_course/02- tools/03- imt sdk/sdk/imt_sdk_win_64/winarm/armgcc/bin/../lib/gcc/arm-none-eabi/7.2.1/../../../../arm-none-eabi/lib/thumb/v7-m\libg_nano.a(lib_a-nano-msizer.o)
 .data          0x00000000        0x0 d:/imt course/imt_arm_course/02- tools/03- imt sdk/sdk/imt_sdk_win_64/winarm/armgcc/bin/../lib/gcc/arm-none-eabi/7.2.1/../../../../arm-none-eabi/lib/thumb/v7-m\libg_nano.a(lib_a-nano-msizer.o)
 .bss           0x00000000        0x0 d:/imt course/imt_arm_course/02- tools/03- imt sdk/sdk/imt_sdk_win_64/winarm/armgcc/bin/../lib/gcc/arm-none-eabi/7.2.1/../../../../arm-none-eabi/lib/thumb/v7-m\libg_nano.a(lib_a-nano-msizer.o)
 .text          0x00000000        0x0 d:/imt course/imt_arm_course/02- tools/03- imt sdk/sdk/imt_sdk_win_64/winarm/armgcc/bin/../lib/gcc/arm-none-eabi/7.2.1/../../../../arm-none-eabi/lib/thumb/v7-m\libg_nano.a(lib_a-memset.o)
 .data          0x00000000        0x0 d:/imt course/imt_arm_course/02- tools/03- imt sdk/sdk/imt_sdk_win_64/winarm/armgcc/bin/../lib/gcc/arm-none-eabi/7.2.1/../../../../arm-none-eabi/lib/thumb/v7-m\libg_nano.a(lib_a-memset.o)
 .bss           0x00000000        0x0 d:/imt course/imt_arm_course/02- tools/03- imt sdk/sdk/imt_sdk_win_64/winarm/armgcc/bin/../lib/gcc/arm-none-eabi/7.2.1/../../../../arm-none-eabi/lib/thumb/v7-m\libg_nano.a(lib_a-memset.o)

Memory Configuration

Name             Origin             Length             Attributes
RAM              0x20000000         0x00005000         xrw
CCMRAM           0x00000000         0x00000000         xrw
FLASH            0x08000000         0x00010000         xr
FLASHB1          0x00000000         0x00000000         xr
EXTMEMB0         0x00000000         0x00000000         xr
EXTMEMB1         0x00000000         0x00000000         xr
EXTMEMB2         0x00000000         0x00000000         xr
EXTMEMB3         0x00000000         0x00000000         xr
MEMORY_ARRAY     0x00000000         0x00000000         xrw
*default*        0x00000000         0xffffffff

Linker script and memory map

LOAD C:\Users\user\AppData\Local\Temp\ccdQBf77.ltrans0.ltrans.o
LOAD d:/imt course/imt_arm_course/02- tools/03- imt sdk/sdk/imt_sdk_win_64/winarm/armgcc/bin/../lib/gcc/arm-none-eabi/7.2.1/../../../../arm-none-eabi/lib/thumb/v7-m\libstdc++_nano.a
LOAD d:/imt course/imt_arm_course/02- tools/03- imt sdk/sdk/imt_sdk_win_64/winarm/armgcc/bin/../lib/gcc/arm-none-eabi/7.2.1/../../../../arm-none-eabi/lib/thumb/v7-m\libm.a
START GROUP
LOAD d:/imt course/imt_arm_course/02- tools/03- imt sdk/sdk/imt_sdk_win_64/winarm/armgcc/bin/../lib/gcc/arm-none-eabi/7.2.1/thumb/v7-m\libgcc.a
LOAD d:/imt course/imt_arm_course/02- tools/03- imt sdk/sdk/imt_sdk_win_64/winarm/armgcc/bin/../lib/gcc/arm-none-eabi/7.2.1/../../../../arm-none-eabi/lib/thumb/v7-m\libg_nano.a
LOAD d:/imt course/imt_arm_course/02- tools/03- imt sdk/sdk/imt_sdk_win_64/winarm/armgcc/bin/../lib/gcc/arm-none-eabi/7.2.1/../../../../arm-none-eabi/lib/thumb/v7-m\libc_nano.a
END GROUP
START GROUP
LOAD d:/imt course/imt_arm_course/02- tools/03- imt sdk/sdk/imt_sdk_win_64/winarm/armgcc/bin/../lib/gcc/arm-none-eabi/7.2.1/thumb/v7-m\libgcc.a
LOAD d:/imt course/imt_arm_course/02- tools/03- imt sdk/sdk/imt_sdk_win_64/winarm/armgcc/bin/../lib/gcc/arm-none-eabi/7.2.1/../../../../arm-none-eabi/lib/thumb/v7-m\libc_nano.a
END GROUP
                0x20005000                __stack = (ORIGIN (RAM) + LENGTH (RAM))
                0x20005000                _estack = __stack
                0x00000400                __Main_Stack_Size = 0x400
                [!provide]                PROVIDE (_Main_Stack_Size, __Main_Stack_Size)
                0x20004c00                __Main_Stack_Limit = (__stack - __Main_Stack_Size)
                [!provide]                PROVIDE (_Main_Stack_Limit, __Main_Stack_Limit)
                0x00000100                _Minimum_Stack_Size = 0x100
                0x20000138                PROVIDE (_Heap_Begin, _end_noinit)
                0x20004c00                PROVIDE (_Heap_Limit, (__stack - __Main_Stack_Size))

.isr_vector     0x08000000      0x350
 FILL mask 0xff
                0x08000000                __vectors_start = ABSOLUTE (.)
                0x08000000                __vectors_start__ = ABSOLUTE (.)
 *(.isr_vector)
 .isr_vector    0x08000000      0x10c C:\Users\user\AppData\Local\Temp\ccdQBf77.ltrans0.ltrans.o
                0x08000000                __isr_vectors
 *(.cfmconfig)
 *(.after_vectors .after_vectors.*)
 .after_vectors
                0x0800010c      0x244 C:\Users\user\AppData\Local\Temp\ccdQBf77.ltrans0.ltrans.o
                0x08000162                UsageFault_Handler_C
                0x08000194                BusFault_Handler_C
                0x080001c8                HardFault_Handler_C
                0x08000228                _start

.inits          0x08000350       0x28
                0x08000350                __data_regions_array_start = .
                0x08000350        0x4 LONG 0x800205c LOADADDR (.data)
                0x08000354        0x4 LONG 0x20000000 ADDR (.data)
                0x08000358        0x4 LONG 0x20000088 (ADDR (.data) + SIZEOF (.data))
                0x0800035c        0x4 LONG 0x800205c LOADADDR (.data_CCMRAM)
                0x08000360        0x4 LONG 0x0 ADDR (.data_CCMRAM)
                0x08000364        0x4 LONG 0x0 (ADDR (.data_CCMRAM) + SIZEOF (.data_CCMRAM))
                0x08000368                __data_regions_array_end = .
                0x08000368                __bss_regions_array_start = .
                0x08000368        0x4 LONG 0x20000088 ADDR (.bss)
                0x0800036c        0x4 LONG 0x20000138 (ADDR (.bss) + SIZEOF (.bss))
                0x08000370        0x4 LONG 0x0 ADDR (.bss_CCMRAM)
                0x08000374        0x4 LONG 0x0 (ADDR (.bss_CCMRAM) + SIZEOF (.bss_CCMRAM))
                0x08000378                __bss_regions_array_end = .
 *(.init)
 *(.fini)
                0x08000378                . = ALIGN (0x4)
                0x08000378                PROVIDE (__preinit_array_start, .)
 *(.preinit_array_sysinit .preinit_array_sysinit.*)
 *(.preinit_array_platform .preinit_array_platform.*)
 *(.preinit_array .preinit_array.*)
                0x08000378                PROVIDE (__preinit_array_end, .)
                0x08000378                . = ALIGN (0x4)
                0x08000378                PROVIDE (__init_array_start, .)
 *(SORT_BY_NAME(.init_array.*))
 *(.init_array)
                0x08000378                PROVIDE (__init_array_end, .)
                0x08000378                . = ALIGN (0x4)
                0x08000378                PROVIDE (__fini_array_start, .)
 *(SORT_BY_NAME(.fini_array.*))
 *(.fini_array)
                0x08000378                PROVIDE (__fini_array_end, .)

.flashtext
 *(.flashtext .flashtext.*)

.text           0x08000378     0x1ce3
 *(.text .text.*)
 .text.PCD_getUid
                0x08000378       0x18 C:\Users\user\AppData\Local\Temp\ccdQBf77.ltrans0.ltrans.o
 .text.TIM4_IRQHandler
                0x08000390       0x10 C:\Users\user\AppData\Local\Temp\ccdQBf77.ltrans0.ltrans.o
 .text.TIM3_IRQHandler
                0x080003a0       0x18 C:\Users\user\AppData\Local\Temp\ccdQBf77.ltrans0.ltrans.o
 .text.TIM2_IRQHandler
                0x080003b8       0x14 C:\Users\user\AppData\Local\Temp\ccdQBf77.ltrans0.ltrans.o
 .text.TIMER_voidSetBusyWait
                0x080003cc       0x78 C:\Users\user\AppData\Local\Temp\ccdQBf77.ltrans0.ltrans.o
 .text.TIMER_voidInit
                0x08000444       0xec C:\Users\user\AppData\Local\Temp\ccdQBf77.ltrans0.ltrans.o
 .text.SPI1_u8SendRecieveSync
                0x08000530       0x28 C:\Users\user\AppData\Local\Temp\ccdQBf77.ltrans0.ltrans.o
 .text.SPI1_voidInit
                0x08000558       0x5c C:\Users\user\AppData\Local\Temp\ccdQBf77.ltrans0.ltrans.o
 .text.RCC_voidEnableClockPrephiral
                0x080005b4       0x4c C:\Users\user\AppData\Local\Temp\ccdQBf77.ltrans0.ltrans.o
 .text.MGPIO_VidSetPinValue
                0x08000600       0x94 C:\Users\user\AppData\Local\Temp\ccdQBf77.ltrans0.ltrans.o
 .text.PCD_ReadRegisterMulti
                0x08000694       0x96 C:\Users\user\AppData\Local\Temp\ccdQBf77.ltrans0.ltrans.o
 .text.PCD_ReadRegister
                0x0800072a       0x40 C:\Users\user\AppData\Local\Temp\ccdQBf77.ltrans0.ltrans.o
 .text.PCD_WriteRegisterMulti
                0x0800076a       0x2e C:\Users\user\AppData\Local\Temp\ccdQBf77.ltrans0.ltrans.o
 .text.PCD_WriteRegister
                0x08000798       0x2a C:\Users\user\AppData\Local\Temp\ccdQBf77.ltrans0.ltrans.o
 .text.PCD_AntennaOn
                0x080007c2       0x1e C:\Users\user\AppData\Local\Temp\ccdQBf77.ltrans0.ltrans.o
 .text.PCD_Reset
                0x080007e0       0x22 C:\Users\user\AppData\Local\Temp\ccdQBf77.ltrans0.ltrans.o
 .text.PCD_Init
                0x08000802       0x3c C:\Users\user\AppData\Local\Temp\ccdQBf77.ltrans0.ltrans.o
 *fill*         0x0800083e        0x2 
 .text.Reader_init
                0x08000840       0x20 C:\Users\user\AppData\Local\Temp\ccdQBf77.ltrans0.ltrans.o
 .text.PCD_ClearRegisterBitMask
                0x08000860       0x18 C:\Users\user\AppData\Local\Temp\ccdQBf77.ltrans0.ltrans.o
 .text.PCD_SetRegisterBitMask
                0x08000878       0x18 C:\Users\user\AppData\Local\Temp\ccdQBf77.ltrans0.ltrans.o
 .text.PCD_CalculateCRC
                0x08000890       0x6a C:\Users\user\AppData\Local\Temp\ccdQBf77.ltrans0.ltrans.o
 .text.PCD_CommunicateWithPICC
                0x080008fa      0x158 C:\Users\user\AppData\Local\Temp\ccdQBf77.ltrans0.ltrans.o
 .text.PCD_MIFARE_Transceive
                0x08000a52       0x9e C:\Users\user\AppData\Local\Temp\ccdQBf77.ltrans0.ltrans.o
 .text.MIFARE_Write
                0x08000af0       0x42 C:\Users\user\AppData\Local\Temp\ccdQBf77.ltrans0.ltrans.o
 .text.PCD_Authenticate
                0x08000b32       0x5e C:\Users\user\AppData\Local\Temp\ccdQBf77.ltrans0.ltrans.o
 .text.PICC_WriteBlock
                0x08000b90       0x48 C:\Users\user\AppData\Local\Temp\ccdQBf77.ltrans0.ltrans.o
 .text.Reader_AuthCard
                0x08000bd8       0x34 C:\Users\user\AppData\Local\Temp\ccdQBf77.ltrans0.ltrans.o
 .text.Reader_WriteLoginData
                0x08000c0c       0x60 C:\Users\user\AppData\Local\Temp\ccdQBf77.ltrans0.ltrans.o
 .text.Reader_SetLoginData
                0x08000c6c       0x32 C:\Users\user\AppData\Local\Temp\ccdQBf77.ltrans0.ltrans.o
 .text.PCD_TransceiveData
                0x08000c9e       0x28 C:\Users\user\AppData\Local\Temp\ccdQBf77.ltrans0.ltrans.o
 .text.PICC_Select
                0x08000cc6      0x2ec C:\Users\user\AppData\Local\Temp\ccdQBf77.ltrans0.ltrans.o
 *fill*         0x08000fb2        0x2 
 .text.PICC_ReadCardSerial
                0x08000fb4       0x18 C:\Users\user\AppData\Local\Temp\ccdQBf77.ltrans0.ltrans.o
 .text.PICC_REQA_or_WUPA
                0x08000fcc       0x60 C:\Users\user\AppData\Local\Temp\ccdQBf77.ltrans0.ltrans.o
 .text.PICC_RequestA
                0x0800102c        0xe C:\Users\user\AppData\Local\Temp\ccdQBf77.ltrans0.ltrans.o
 .text.PICC_IsNewCardPresent
                0x0800103a       0x28 C:\Users\user\AppData\Local\Temp\ccdQBf77.ltrans0.ltrans.o
 .text.Reader_isNewCardPresent
                0x08001062       0x14 C:\Users\user\AppData\Local\Temp\ccdQBf77.ltrans0.ltrans.o
 *fill*         0x08001076        0x2 
 .text.MGPIO_VidSetPinDirection
                0x08001078       0xec C:\Users\user\AppData\Local\Temp\ccdQBf77.ltrans0.ltrans.o
 .text.main     0x08001164       0xdc C:\Users\user\AppData\Local\Temp\ccdQBf77.ltrans0.ltrans.o
 .text.SetSysClockTo72
                0x08001240       0xc4 C:\Users\user\AppData\Local\Temp\ccdQBf77.ltrans0.ltrans.o
 .text.SetSysClock
                0x08001304        0x8 C:\Users\user\AppData\Local\Temp\ccdQBf77.ltrans0.ltrans.o
 .text.SystemCoreClockUpdate
                0x0800130c       0x98 C:\Users\user\AppData\Local\Temp\ccdQBf77.ltrans0.ltrans.o
 .text.SystemInit
                0x080013a4       0x50 C:\Users\user\AppData\Local\Temp\ccdQBf77.ltrans0.ltrans.o
 .text.isSemihosting
                0x080013f4       0x20 C:\Users\user\AppData\Local\Temp\ccdQBf77.ltrans0.ltrans.o
 .text.__initialize_hardware
                0x08001414        0x8 C:\Users\user\AppData\Local\Temp\ccdQBf77.ltrans0.ltrans.o
 .text.__initialize_hardware_early
                0x0800141c       0x18 C:\Users\user\AppData\Local\Temp\ccdQBf77.ltrans0.ltrans.o
 .text._trace_write_semihosting_debug
                0x08001434       0x60 C:\Users\user\AppData\Local\Temp\ccdQBf77.ltrans0.ltrans.o
 .text.trace_write
                0x08001494        0x8 C:\Users\user\AppData\Local\Temp\ccdQBf77.ltrans0.ltrans.o
 .text.__initialize_args
                0x0800149c       0x10 C:\Users\user\AppData\Local\Temp\ccdQBf77.ltrans0.ltrans.o
 .text._exit    0x080014ac        0x2 C:\Users\user\AppData\Local\Temp\ccdQBf77.ltrans0.ltrans.o
 *fill*         0x080014ae        0x2 
 .text.trace_printf
                0x080014b0       0x30 C:\Users\user\AppData\Local\Temp\ccdQBf77.ltrans0.ltrans.o
 .text.dumpExceptionStack
                0x080014e0       0xf4 C:\Users\user\AppData\Local\Temp\ccdQBf77.ltrans0.ltrans.o
 .text._sbrk    0x080015d4       0x44 C:\Users\user\AppData\Local\Temp\ccdQBf77.ltrans0.ltrans.o
                0x080015d4                _sbrk
 .text.__errno  0x08001618        0xc d:/imt course/imt_arm_course/02- tools/03- imt sdk/sdk/imt_sdk_win_64/winarm/armgcc/bin/../lib/gcc/arm-none-eabi/7.2.1/../../../../arm-none-eabi/lib/thumb/v7-m\libg_nano.a(lib_a-errno.o)
                0x08001618                __errno
 .text._vsnprintf_r
                0x08001624       0x58 d:/imt course/imt_arm_course/02- tools/03- imt sdk/sdk/imt_sdk_win_64/winarm/armgcc/bin/../lib/gcc/arm-none-eabi/7.2.1/../../../../arm-none-eabi/lib/thumb/v7-m\libg_nano.a(lib_a-vsnprintf.o)
                0x08001624                _vsniprintf_r
                0x08001624                _vsnprintf_r
 .text.vsnprintf
                0x0800167c       0x1c d:/imt course/imt_arm_course/02- tools/03- imt sdk/sdk/imt_sdk_win_64/winarm/armgcc/bin/../lib/gcc/arm-none-eabi/7.2.1/../../../../arm-none-eabi/lib/thumb/v7-m\libg_nano.a(lib_a-vsnprintf.o)
                0x0800167c                vsniprintf
                0x0800167c                vsnprintf
 .text.__ssputs_r
                0x08001698       0xb4 d:/imt course/imt_arm_course/02- tools/03- imt sdk/sdk/imt_sdk_win_64/winarm/armgcc/bin/../lib/gcc/arm-none-eabi/7.2.1/../../../../arm-none-eabi/lib/thumb/v7-m\libg_nano.a(lib_a-nano-svfprintf.o)
                0x08001698                __ssputs_r
 .text._svfprintf_r
                0x0800174c      0x1ec d:/imt course/imt_arm_course/02- tools/03- imt sdk/sdk/imt_sdk_win_64/winarm/armgcc/bin/../lib/gcc/arm-none-eabi/7.2.1/../../../../arm-none-eabi/lib/thumb/v7-m\libg_nano.a(lib_a-nano-svfprintf.o)
                0x0800174c                _svfiprintf_r
                0x0800174c                _svfprintf_r
 .text._printf_common
                0x08001938       0xec d:/imt course/imt_arm_course/02- tools/03- imt sdk/sdk/imt_sdk_win_64/winarm/armgcc/bin/../lib/gcc/arm-none-eabi/7.2.1/../../../../arm-none-eabi/lib/thumb/v7-m\libg_nano.a(lib_a-nano-vfprintf_i.o)
                0x08001938                _printf_common
 .text._printf_i
                0x08001a24      0x224 d:/imt course/imt_arm_course/02- tools/03- imt sdk/sdk/imt_sdk_win_64/winarm/armgcc/bin/../lib/gcc/arm-none-eabi/7.2.1/../../../../arm-none-eabi/lib/thumb/v7-m\libg_nano.a(lib_a-nano-vfprintf_i.o)
                0x08001a24                _printf_i
 .text.memchr   0x08001c48       0x1c d:/imt course/imt_arm_course/02- tools/03- imt sdk/sdk/imt_sdk_win_64/winarm/armgcc/bin/../lib/gcc/arm-none-eabi/7.2.1/../../../../arm-none-eabi/lib/thumb/v7-m\libg_nano.a(lib_a-memchr-stub.o)
                0x08001c48                memchr
 .text.memcpy   0x08001c64       0x16 d:/imt course/imt_arm_course/02- tools/03- imt sdk/sdk/imt_sdk_win_64/winarm/armgcc/bin/../lib/gcc/arm-none-eabi/7.2.1/../../../../arm-none-eabi/lib/thumb/v7-m\libg_nano.a(lib_a-memcpy-stub.o)
                0x08001c64                memcpy
 .text.memmove  0x08001c7a       0x32 d:/imt course/imt_arm_course/02- tools/03- imt sdk/sdk/imt_sdk_win_64/winarm/armgcc/bin/../lib/gcc/arm-none-eabi/7.2.1/../../../../arm-none-eabi/lib/thumb/v7-m\libg_nano.a(lib_a-memmove.o)
                0x08001c7a                memmove
 .text._free_r  0x08001cac       0x98 d:/imt course/imt_arm_course/02- tools/03- imt sdk/sdk/imt_sdk_win_64/winarm/armgcc/bin/../lib/gcc/arm-none-eabi/7.2.1/../../../../arm-none-eabi/lib/thumb/v7-m\libg_nano.a(lib_a-nano-freer.o)
                0x08001cac                _free_r
 .text._malloc_r
                0x08001d44       0xb4 d:/imt course/imt_arm_course/02- tools/03- imt sdk/sdk/imt_sdk_win_64/winarm/armgcc/bin/../lib/gcc/arm-none-eabi/7.2.1/../../../../arm-none-eabi/lib/thumb/v7-m\libg_nano.a(lib_a-nano-mallocr.o)
                0x08001d44                _malloc_r
 .text._realloc_r
                0x08001df8       0x4c d:/imt course/imt_arm_course/02- tools/03- imt sdk/sdk/imt_sdk_win_64/winarm/armgcc/bin/../lib/gcc/arm-none-eabi/7.2.1/../../../../arm-none-eabi/lib/thumb/v7-m\libg_nano.a(lib_a-nano-reallocr.o)
                0x08001df8                _realloc_r
 .text._sbrk_r  0x08001e44       0x20 d:/imt course/imt_arm_course/02- tools/03- imt sdk/sdk/imt_sdk_win_64/winarm/armgcc/bin/../lib/gcc/arm-none-eabi/7.2.1/../../../../arm-none-eabi/lib/thumb/v7-m\libg_nano.a(lib_a-sbrkr.o)
                0x08001e44                _sbrk_r
 .text.__malloc_lock
                0x08001e64        0x2 d:/imt course/imt_arm_course/02- tools/03- imt sdk/sdk/imt_sdk_win_64/winarm/armgcc/bin/../lib/gcc/arm-none-eabi/7.2.1/../../../../arm-none-eabi/lib/thumb/v7-m\libg_nano.a(lib_a-mlock.o)
                0x08001e64                __malloc_lock
 .text.__malloc_unlock
                0x08001e66        0x2 d:/imt course/imt_arm_course/02- tools/03- imt sdk/sdk/imt_sdk_win_64/winarm/armgcc/bin/../lib/gcc/arm-none-eabi/7.2.1/../../../../arm-none-eabi/lib/thumb/v7-m\libg_nano.a(lib_a-mlock.o)
                0x08001e66                __malloc_unlock
 .text._malloc_usable_size_r
                0x08001e68       0x10 d:/imt course/imt_arm_course/02- tools/03- imt sdk/sdk/imt_sdk_win_64/winarm/armgcc/bin/../lib/gcc/arm-none-eabi/7.2.1/../../../../arm-none-eabi/lib/thumb/v7-m\libg_nano.a(lib_a-nano-msizer.o)
                0x08001e68                _malloc_usable_size_r
 .text.memset   0x08001e78       0x10 d:/imt course/imt_arm_course/02- tools/03- imt sdk/sdk/imt_sdk_win_64/winarm/armgcc/bin/../lib/gcc/arm-none-eabi/7.2.1/../../../../arm-none-eabi/lib/thumb/v7-m\libg_nano.a(lib_a-memset.o)
                0x08001e78                memset
 *(.rodata .rodata.* .constdata .constdata.*)
 .rodata        0x08001e88       0x10 C:\Users\user\AppData\Local\Temp\ccdQBf77.ltrans0.ltrans.o
 .rodata.TIM    0x08001e98        0xc C:\Users\user\AppData\Local\Temp\ccdQBf77.ltrans0.ltrans.o
 .rodata.configTable
                0x08001ea4       0x30 C:\Users\user\AppData\Local\Temp\ccdQBf77.ltrans0.ltrans.o
 .rodata.dumpExceptionStack.str1.4
                0x08001ed4      0x11a C:\Users\user\AppData\Local\Temp\ccdQBf77.ltrans0.ltrans.o
 *fill*         0x08001fee        0x2 
 .rodata.main.str1.4
                0x08001ff0        0x9 C:\Users\user\AppData\Local\Temp\ccdQBf77.ltrans0.ltrans.o
 *fill*         0x08001ff9        0x3 
 .rodata.str1.4
                0x08001ffc       0x2c C:\Users\user\AppData\Local\Temp\ccdQBf77.ltrans0.ltrans.o
                                 0x29 (size before relaxing)
 .rodata._svfprintf_r.str1.1
                0x08002028       0x11 d:/imt course/imt_arm_course/02- tools/03- imt sdk/sdk/imt_sdk_win_64/winarm/armgcc/bin/../lib/gcc/arm-none-eabi/7.2.1/../../../../arm-none-eabi/lib/thumb/v7-m\libg_nano.a(lib_a-nano-svfprintf.o)
 .rodata._printf_i.str1.1
                0x08002039       0x22 d:/imt course/imt_arm_course/02- tools/03- imt sdk/sdk/imt_sdk_win_64/winarm/armgcc/bin/../lib/gcc/arm-none-eabi/7.2.1/../../../../arm-none-eabi/lib/thumb/v7-m\libg_nano.a(lib_a-nano-vfprintf_i.o)
 *(vtable)
 *(.eh_frame*)
 *(.glue_7)
 .glue_7        0x0800205b        0x0 linker stubs
 *(.glue_7t)
 .glue_7t       0x0800205b        0x0 linker stubs

.vfp11_veneer   0x0800205c        0x0
 .vfp11_veneer  0x0800205c        0x0 linker stubs

.v4_bx          0x0800205c        0x0
 .v4_bx         0x0800205c        0x0 linker stubs

.iplt           0x0800205c        0x0
 .iplt          0x0800205c        0x0 d:/imt course/imt_arm_course/02- tools/03- imt sdk/sdk/imt_sdk_win_64/winarm/armgcc/bin/../lib/gcc/arm-none-eabi/7.2.1/../../../../arm-none-eabi/lib/thumb/v7-m\libg_nano.a(lib_a-errno.o)

.rel.dyn        0x0800205c        0x0
 .rel.iplt      0x0800205c        0x0 d:/imt course/imt_arm_course/02- tools/03- imt sdk/sdk/imt_sdk_win_64/winarm/armgcc/bin/../lib/gcc/arm-none-eabi/7.2.1/../../../../arm-none-eabi/lib/thumb/v7-m\libg_nano.a(lib_a-errno.o)

.ARM.extab
 *(.ARM.extab* .gnu.linkonce.armextab.*)
                0x0800205c                . = ALIGN (0x4)
                0x0800205c                __exidx_start = .

.ARM.exidx
 *(.ARM.exidx* .gnu.linkonce.armexidx.*)
                0x0800205c                __exidx_end = .
                0x0800205c                . = ALIGN (0x4)
                0x0800205c                _etext = .
                0x0800205c                __etext = .

.data_CCMRAM    0x00000000        0x0 load address 0x0800205c
 FILL mask 0xff
 *(.data.CCMRAM .data.CCMRAM.*)
                0x00000000                . = ALIGN (0x4)
                0x0800205c                _sidata = LOADADDR (.data)

.data           0x20000000       0x88 load address 0x0800205c
 FILL mask 0xff
                0x20000000                _sdata = .
                0x20000000                __data_start__ = .
 *(.data_begin .data_begin.*)
 .data_begin    0x20000000        0x4 C:\Users\user\AppData\Local\Temp\ccdQBf77.ltrans0.ltrans.o
 *(.data .data.*)
 .data.AHBPrescTable
                0x20000004       0x10 C:\Users\user\AppData\Local\Temp\ccdQBf77.ltrans0.ltrans.o
 .data.SystemCoreClock
                0x20000014        0x4 C:\Users\user\AppData\Local\Temp\ccdQBf77.ltrans0.ltrans.o
 .data.argv.4310
                0x20000018        0x8 C:\Users\user\AppData\Local\Temp\ccdQBf77.ltrans0.ltrans.o
 .data._impure_ptr
                0x20000020        0x4 d:/imt course/imt_arm_course/02- tools/03- imt sdk/sdk/imt_sdk_win_64/winarm/armgcc/bin/../lib/gcc/arm-none-eabi/7.2.1/../../../../arm-none-eabi/lib/thumb/v7-m\libg_nano.a(lib_a-impure.o)
                0x20000020                _impure_ptr
 .data.impure_data
                0x20000024       0x60 d:/imt course/imt_arm_course/02- tools/03- imt sdk/sdk/imt_sdk_win_64/winarm/armgcc/bin/../lib/gcc/arm-none-eabi/7.2.1/../../../../arm-none-eabi/lib/thumb/v7-m\libg_nano.a(lib_a-impure.o)
 *(.data_end .data_end.*)
 .data_end      0x20000084        0x4 C:\Users\user\AppData\Local\Temp\ccdQBf77.ltrans0.ltrans.o
                0x20000088                . = ALIGN (0x4)
                0x20000088                _edata = .
                0x20000088                __data_end__ = .

.igot.plt       0x20000088        0x0 load address 0x080020e4
 .igot.plt      0x20000088        0x0 d:/imt course/imt_arm_course/02- tools/03- imt sdk/sdk/imt_sdk_win_64/winarm/armgcc/bin/../lib/gcc/arm-none-eabi/7.2.1/../../../../arm-none-eabi/lib/thumb/v7-m\libg_nano.a(lib_a-errno.o)

.bss_CCMRAM     0x00000000        0x0
 *(.bss.CCMRAM .bss.CCMRAM.*)

.bss            0x20000088       0xb0
                0x20000088                __bss_start__ = .
                0x20000088                _sbss = .
 *(.bss_begin .bss_begin.*)
 .bss_begin     0x20000088        0x4 C:\Users\user\AppData\Local\Temp\ccdQBf77.ltrans0.ltrans.o
 *(.bss .bss.*)
 .bss.buf.5205  0x2000008c       0x80 C:\Users\user\AppData\Local\Temp\ccdQBf77.ltrans0.ltrans.o
 .bss.current_heap_end.3961
                0x2000010c        0x4 C:\Users\user\AppData\Local\Temp\ccdQBf77.ltrans0.ltrans.o
 .bss.key       0x20000110        0x6 C:\Users\user\AppData\Local\Temp\ccdQBf77.ltrans0.ltrans.o
 *fill*         0x20000116        0x2 
 .bss.name.4309
                0x20000118        0x1 C:\Users\user\AppData\Local\Temp\ccdQBf77.ltrans0.ltrans.o
 *fill*         0x20000119        0x3 
 .bss.uid       0x2000011c        0xc C:\Users\user\AppData\Local\Temp\ccdQBf77.ltrans0.ltrans.o
 .bss.__malloc_free_list
                0x20000128        0x4 d:/imt course/imt_arm_course/02- tools/03- imt sdk/sdk/imt_sdk_win_64/winarm/armgcc/bin/../lib/gcc/arm-none-eabi/7.2.1/../../../../arm-none-eabi/lib/thumb/v7-m\libg_nano.a(lib_a-nano-mallocr.o)
                0x20000128                __malloc_free_list
 .bss.__malloc_sbrk_start
                0x2000012c        0x4 d:/imt course/imt_arm_course/02- tools/03- imt sdk/sdk/imt_sdk_win_64/winarm/armgcc/bin/../lib/gcc/arm-none-eabi/7.2.1/../../../../arm-none-eabi/lib/thumb/v7-m\libg_nano.a(lib_a-nano-mallocr.o)
                0x2000012c                __malloc_sbrk_start
 *(COMMON)
 COMMON         0x20000130        0x4 C:\Users\user\AppData\Local\Temp\ccdQBf77.ltrans0.ltrans.o
                0x20000130                errno
 *(.bss_end .bss_end.*)
 .bss_end       0x20000134        0x4 C:\Users\user\AppData\Local\Temp\ccdQBf77.ltrans0.ltrans.o
                0x20000138                . = ALIGN (0x4)
                0x20000138                __bss_end__ = .
                0x20000138                _ebss = .

.noinit_CCMRAM
 *(.noinit.CCMRAM .noinit.CCMRAM.*)

.noinit         0x20000138        0x0
                0x20000138                _noinit = .
 *(.noinit .noinit.*)
                0x20000138                . = ALIGN (0x4)
                0x20000138                _end_noinit = .
                [!provide]                PROVIDE (end, _end_noinit)
                [!provide]                PROVIDE (_end, _end_noinit)
                [!provide]                PROVIDE (__end, _end_noinit)
                [!provide]                PROVIDE (__end__, _end_noinit)

._check_stack   0x20000138      0x100
                0x20000238                . = (. + _Minimum_Stack_Size)
 *fill*         0x20000138      0x100 

.b1text
 *(.b1text)
 *(.b1rodata)
 *(.b1rodata.*)

.eb0text
 *(.eb0text)
 *(.eb0rodata)
 *(.eb0rodata.*)

.eb1text
 *(.eb1text)
 *(.eb1rodata)
 *(.eb1rodata.*)

.eb2text
 *(.eb2text)
 *(.eb2rodata)
 *(.eb2rodata.*)

.eb3text
 *(.eb3text)
 *(.eb3rodata)
 *(.eb3rodata.*)

.stab
 *(.stab)

.stabstr
 *(.stabstr)

.stab.excl
 *(.stab.excl)

.stab.exclstr
 *(.stab.exclstr)

.stab.index
 *(.stab.index)

.stab.indexstr
 *(.stab.indexstr)

.comment        0x00000000       0x7e
 *(.comment)
 .comment       0x00000000       0x7e C:\Users\user\AppData\Local\Temp\ccdQBf77.ltrans0.ltrans.o
                                 0x7f (size before relaxing)

.ARM.attributes
                0x00000000       0x31
 .ARM.attributes
                0x00000000       0x31 C:\Users\user\AppData\Local\Temp\ccdQBf77.ltrans0.ltrans.o
 .ARM.attributes
                0x00000031       0x2d d:/imt course/imt_arm_course/02- tools/03- imt sdk/sdk/imt_sdk_win_64/winarm/armgcc/bin/../lib/gcc/arm-none-eabi/7.2.1/../../../../arm-none-eabi/lib/thumb/v7-m\libg_nano.a(lib_a-errno.o)
 .ARM.attributes
                0x0000005e       0x2d d:/imt course/imt_arm_course/02- tools/03- imt sdk/sdk/imt_sdk_win_64/winarm/armgcc/bin/../lib/gcc/arm-none-eabi/7.2.1/../../../../arm-none-eabi/lib/thumb/v7-m\libg_nano.a(lib_a-impure.o)
 .ARM.attributes
                0x0000008b       0x2d d:/imt course/imt_arm_course/02- tools/03- imt sdk/sdk/imt_sdk_win_64/winarm/armgcc/bin/../lib/gcc/arm-none-eabi/7.2.1/../../../../arm-none-eabi/lib/thumb/v7-m\libg_nano.a(lib_a-vsnprintf.o)
 .ARM.attributes
                0x000000b8       0x2d d:/imt course/imt_arm_course/02- tools/03- imt sdk/sdk/imt_sdk_win_64/winarm/armgcc/bin/../lib/gcc/arm-none-eabi/7.2.1/../../../../arm-none-eabi/lib/thumb/v7-m\libg_nano.a(lib_a-nano-svfprintf.o)
 .ARM.attributes
                0x000000e5       0x2d d:/imt course/imt_arm_course/02- tools/03- imt sdk/sdk/imt_sdk_win_64/winarm/armgcc/bin/../lib/gcc/arm-none-eabi/7.2.1/../../../../arm-none-eabi/lib/thumb/v7-m\libg_nano.a(lib_a-nano-vfprintf_i.o)
 .ARM.attributes
                0x00000112       0x2d d:/imt course/imt_arm_course/02- tools/03- imt sdk/sdk/imt_sdk_win_64/winarm/armgcc/bin/../lib/gcc/arm-none-eabi/7.2.1/../../../../arm-none-eabi/lib/thumb/v7-m\libg_nano.a(lib_a-memchr-stub.o)
 .ARM.attributes
                0x0000013f       0x2d d:/imt course/imt_arm_course/02- tools/03- imt sdk/sdk/imt_sdk_win_64/winarm/armgcc/bin/../lib/gcc/arm-none-eabi/7.2.1/../../../../arm-none-eabi/lib/thumb/v7-m\libg_nano.a(lib_a-memcpy-stub.o)
 .ARM.attributes
                0x0000016c       0x2d d:/imt course/imt_arm_course/02- tools/03- imt sdk/sdk/imt_sdk_win_64/winarm/armgcc/bin/../lib/gcc/arm-none-eabi/7.2.1/../../../../arm-none-eabi/lib/thumb/v7-m\libg_nano.a(lib_a-memmove.o)
 .ARM.attributes
                0x00000199       0x2d d:/imt course/imt_arm_course/02- tools/03- imt sdk/sdk/imt_sdk_win_64/winarm/armgcc/bin/../lib/gcc/arm-none-eabi/7.2.1/../../../../arm-none-eabi/lib/thumb/v7-m\libg_nano.a(lib_a-nano-freer.o)
 .ARM.attributes
                0x000001c6       0x2d d:/imt course/imt_arm_course/02- tools/03- imt sdk/sdk/imt_sdk_win_64/winarm/armgcc/bin/../lib/gcc/arm-none-eabi/7.2.1/../../../../arm-none-eabi/lib/thumb/v7-m\libg_nano.a(lib_a-nano-mallocr.o)
 .ARM.attributes
                0x000001f3       0x2d d:/imt course/imt_arm_course/02- tools/03- imt sdk/sdk/imt_sdk_win_64/winarm/armgcc/bin/../lib/gcc/arm-none-eabi/7.2.1/../../../../arm-none-eabi/lib/thumb/v7-m\libg_nano.a(lib_a-nano-reallocr.o)
 .ARM.attributes
                0x00000220       0x2d d:/imt course/imt_arm_course/02- tools/03- imt sdk/sdk/imt_sdk_win_64/winarm/armgcc/bin/../lib/gcc/arm-none-eabi/7.2.1/../../../../arm-none-eabi/lib/thumb/v7-m\libg_nano.a(lib_a-sbrkr.o)
 .ARM.attributes
                0x0000024d       0x2d d:/imt course/imt_arm_course/02- tools/03- imt sdk/sdk/imt_sdk_win_64/winarm/armgcc/bin/../lib/gcc/arm-none-eabi/7.2.1/../../../../arm-none-eabi/lib/thumb/v7-m\libg_nano.a(lib_a-mlock.o)
 .ARM.attributes
                0x0000027a       0x2d d:/imt course/imt_arm_course/02- tools/03- imt sdk/sdk/imt_sdk_win_64/winarm/armgcc/bin/../lib/gcc/arm-none-eabi/7.2.1/../../../../arm-none-eabi/lib/thumb/v7-m\libg_nano.a(lib_a-nano-msizer.o)
 .ARM.attributes
                0x000002a7       0x2d d:/imt course/imt_arm_course/02- tools/03- imt sdk/sdk/imt_sdk_win_64/winarm/armgcc/bin/../lib/gcc/arm-none-eabi/7.2.1/../../../../arm-none-eabi/lib/thumb/v7-m\libg_nano.a(lib_a-memset.o)

.debug
 *(.debug)

.line
 *(.line)

.debug_srcinfo
 *(.debug_srcinfo)

.debug_sfnames
 *(.debug_sfnames)

.debug_aranges  0x00000000      0x238
 *(.debug_aranges)
 .debug_aranges
                0x00000000      0x238 C:\Users\user\AppData\Local\Temp\ccdQBf77.ltrans0.ltrans.o

.debug_pubnames
 *(.debug_pubnames)

.debug_info     0x00000000     0x2b5b
 *(.debug_info .gnu.linkonce.wi.*)
 .debug_info    0x00000000     0x2b5b C:\Users\user\AppData\Local\Temp\ccdQBf77.ltrans0.ltrans.o

.debug_abbrev   0x00000000      0x492
 *(.debug_abbrev)
 .debug_abbrev  0x00000000      0x492 C:\Users\user\AppData\Local\Temp\ccdQBf77.ltrans0.ltrans.o

.debug_line     0x00000000      0xbd2
 *(.debug_line)
 .debug_line    0x00000000      0xbd2 C:\Users\user\AppData\Local\Temp\ccdQBf77.ltrans0.ltrans.o

.debug_frame    0x00000000      0xa44
 *(.debug_frame)
 .debug_frame   0x00000000      0x734 C:\Users\user\AppData\Local\Temp\ccdQBf77.ltrans0.ltrans.o
 .debug_frame   0x00000734       0x20 d:/imt course/imt_arm_course/02- tools/03- imt sdk/sdk/imt_sdk_win_64/winarm/armgcc/bin/../lib/gcc/arm-none-eabi/7.2.1/../../../../arm-none-eabi/lib/thumb/v7-m\libg_nano.a(lib_a-errno.o)
 .debug_frame   0x00000754       0x4c d:/imt course/imt_arm_course/02- tools/03- imt sdk/sdk/imt_sdk_win_64/winarm/armgcc/bin/../lib/gcc/arm-none-eabi/7.2.1/../../../../arm-none-eabi/lib/thumb/v7-m\libg_nano.a(lib_a-vsnprintf.o)
 .debug_frame   0x000007a0       0x90 d:/imt course/imt_arm_course/02- tools/03- imt sdk/sdk/imt_sdk_win_64/winarm/armgcc/bin/../lib/gcc/arm-none-eabi/7.2.1/../../../../arm-none-eabi/lib/thumb/v7-m\libg_nano.a(lib_a-nano-svfprintf.o)
 .debug_frame   0x00000830       0x60 d:/imt course/imt_arm_course/02- tools/03- imt sdk/sdk/imt_sdk_win_64/winarm/armgcc/bin/../lib/gcc/arm-none-eabi/7.2.1/../../../../arm-none-eabi/lib/thumb/v7-m\libg_nano.a(lib_a-nano-vfprintf_i.o)
 .debug_frame   0x00000890       0x28 d:/imt course/imt_arm_course/02- tools/03- imt sdk/sdk/imt_sdk_win_64/winarm/armgcc/bin/../lib/gcc/arm-none-eabi/7.2.1/../../../../arm-none-eabi/lib/thumb/v7-m\libg_nano.a(lib_a-memchr-stub.o)
 .debug_frame   0x000008b8       0x28 d:/imt course/imt_arm_course/02- tools/03- imt sdk/sdk/imt_sdk_win_64/winarm/armgcc/bin/../lib/gcc/arm-none-eabi/7.2.1/../../../../arm-none-eabi/lib/thumb/v7-m\libg_nano.a(lib_a-memcpy-stub.o)
 .debug_frame   0x000008e0       0x28 d:/imt course/imt_arm_course/02- tools/03- imt sdk/sdk/imt_sdk_win_64/winarm/armgcc/bin/../lib/gcc/arm-none-eabi/7.2.1/../../../../arm-none-eabi/lib/thumb/v7-m\libg_nano.a(lib_a-memmove.o)
 .debug_frame   0x00000908       0x38 d:/imt course/imt_arm_course/02- tools/03- imt sdk/sdk/imt_sdk_win_64/winarm/armgcc/bin/../lib/gcc/arm-none-eabi/7.2.1/../../../../arm-none-eabi/lib/thumb/v7-m\libg_nano.a(lib_a-nano-freer.o)
 .debug_frame   0x00000940       0x2c d:/imt course/imt_arm_course/02- tools/03- imt sdk/sdk/imt_sdk_win_64/winarm/armgcc/bin/../lib/gcc/arm-none-eabi/7.2.1/../../../../arm-none-eabi/lib/thumb/v7-m\libg_nano.a(lib_a-nano-mallocr.o)
 .debug_frame   0x0000096c       0x3c d:/imt course/imt_arm_course/02- tools/03- imt sdk/sdk/imt_sdk_win_64/winarm/armgcc/bin/../lib/gcc/arm-none-eabi/7.2.1/../../../../arm-none-eabi/lib/thumb/v7-m\libg_nano.a(lib_a-nano-reallocr.o)
 .debug_frame   0x000009a8       0x2c d:/imt course/imt_arm_course/02- tools/03- imt sdk/sdk/imt_sdk_win_64/winarm/armgcc/bin/../lib/gcc/arm-none-eabi/7.2.1/../../../../arm-none-eabi/lib/thumb/v7-m\libg_nano.a(lib_a-sbrkr.o)
 .debug_frame   0x000009d4       0x30 d:/imt course/imt_arm_course/02- tools/03- imt sdk/sdk/imt_sdk_win_64/winarm/armgcc/bin/../lib/gcc/arm-none-eabi/7.2.1/../../../../arm-none-eabi/lib/thumb/v7-m\libg_nano.a(lib_a-mlock.o)
 .debug_frame   0x00000a04       0x20 d:/imt course/imt_arm_course/02- tools/03- imt sdk/sdk/imt_sdk_win_64/winarm/armgcc/bin/../lib/gcc/arm-none-eabi/7.2.1/../../../../arm-none-eabi/lib/thumb/v7-m\libg_nano.a(lib_a-nano-msizer.o)
 .debug_frame   0x00000a24       0x20 d:/imt course/imt_arm_course/02- tools/03- imt sdk/sdk/imt_sdk_win_64/winarm/armgcc/bin/../lib/gcc/arm-none-eabi/7.2.1/../../../../arm-none-eabi/lib/thumb/v7-m\libg_nano.a(lib_a-memset.o)

.debug_str      0x00000000      0xcca
 *(.debug_str)
 .debug_str     0x00000000      0xcca C:\Users\user\AppData\Local\Temp\ccdQBf77.ltrans0.ltrans.o
                                0xd41 (size before relaxing)

.debug_loc      0x00000000     0x1d99
 *(.debug_loc)
 .debug_loc     0x00000000     0x1d99 C:\Users\user\AppData\Local\Temp\ccdQBf77.ltrans0.ltrans.o

.debug_macinfo
 *(.debug_macinfo)

.debug_weaknames
 *(.debug_weaknames)

.debug_funcnames
 *(.debug_funcnames)

.debug_typenames
 *(.debug_typenames)

.debug_varnames
 *(.debug_varnames)
OUTPUT(RegistrationDevice.elf elf32-littlearm)

.debug_ranges   0x00000000      0x3e8
 .debug_ranges  0x00000000      0x3e8 C:\Users\user\AppData\Local\Temp\ccdQBf77.ltrans0.ltrans.o
